Component: ARM Compiler 5.06 update 4 (build 422) Tool: armlink [4d35d2]

==============================================================================

Section Cross References

    system_stm32f1xx_1.o(i.SystemCoreClockUpdate) refers to system_stm32f1xx_1.o(.data) for .data
    system_stm32f1xx_1.o(i.SystemCoreClockUpdate) refers to system_stm32f1xx_1.o(.constdata) for .constdata
    stm32f1xx_hal_adc.o(i.ADC_ConversionStop_Disable) refers to stm32f1xx_hal.o(i.HAL_GetTick) for HAL_GetTick
    stm32f1xx_hal_adc.o(i.ADC_DMAConvCplt) refers to stm32f1xx_hal_adc.o(i.HAL_ADC_ConvCpltCallback) for HAL_ADC_ConvCpltCallback
    stm32f1xx_hal_adc.o(i.ADC_DMAError) refers to stm32f1xx_hal_adc.o(i.HAL_ADC_ErrorCallback) for HAL_ADC_ErrorCallback
    stm32f1xx_hal_adc.o(i.ADC_DMAHalfConvCplt) refers to stm32f1xx_hal_adc.o(i.HAL_ADC_ConvHalfCpltCallback) for HAL_ADC_ConvHalfCpltCallback
    stm32f1xx_hal_adc.o(i.ADC_Enable) refers to stm32f1xx_hal.o(i.HAL_GetTick) for HAL_GetTick
    stm32f1xx_hal_adc.o(i.ADC_Enable) refers to system_stm32f1xx_1.o(.data) for SystemCoreClock
    stm32f1xx_hal_adc.o(i.HAL_ADC_ConfigChannel) refers to system_stm32f1xx_1.o(.data) for SystemCoreClock
    stm32f1xx_hal_adc.o(i.HAL_ADC_DeInit) refers to stm32f1xx_hal_adc.o(i.ADC_ConversionStop_Disable) for ADC_ConversionStop_Disable
    stm32f1xx_hal_adc.o(i.HAL_ADC_DeInit) refers to stm32f1xx_hal_msp_1.o(i.HAL_ADC_MspDeInit) for HAL_ADC_MspDeInit
    stm32f1xx_hal_adc.o(i.HAL_ADC_IRQHandler) refers to stm32f1xx_hal_adc.o(i.HAL_ADC_ConvCpltCallback) for HAL_ADC_ConvCpltCallback
    stm32f1xx_hal_adc.o(i.HAL_ADC_IRQHandler) refers to stm32f1xx_hal_adc_ex.o(i.HAL_ADCEx_InjectedConvCpltCallback) for HAL_ADCEx_InjectedConvCpltCallback
    stm32f1xx_hal_adc.o(i.HAL_ADC_IRQHandler) refers to stm32f1xx_hal_adc.o(i.HAL_ADC_LevelOutOfWindowCallback) for HAL_ADC_LevelOutOfWindowCallback
    stm32f1xx_hal_adc.o(i.HAL_ADC_Init) refers to stm32f1xx_hal_msp_1.o(i.HAL_ADC_MspInit) for HAL_ADC_MspInit
    stm32f1xx_hal_adc.o(i.HAL_ADC_Init) refers to stm32f1xx_hal_adc.o(i.ADC_ConversionStop_Disable) for ADC_ConversionStop_Disable
    stm32f1xx_hal_adc.o(i.HAL_ADC_PollForConversion) refers to stm32f1xx_hal.o(i.HAL_GetTick) for HAL_GetTick
    stm32f1xx_hal_adc.o(i.HAL_ADC_PollForConversion) refers to stm32f1xx_hal_rcc_ex.o(i.HAL_RCCEx_GetPeriphCLKFreq) for HAL_RCCEx_GetPeriphCLKFreq
    stm32f1xx_hal_adc.o(i.HAL_ADC_PollForConversion) refers to system_stm32f1xx_1.o(.data) for SystemCoreClock
    stm32f1xx_hal_adc.o(i.HAL_ADC_PollForEvent) refers to stm32f1xx_hal.o(i.HAL_GetTick) for HAL_GetTick
    stm32f1xx_hal_adc.o(i.HAL_ADC_Start) refers to stm32f1xx_hal_adc.o(i.ADC_Enable) for ADC_Enable
    stm32f1xx_hal_adc.o(i.HAL_ADC_Start_DMA) refers to stm32f1xx_hal_adc.o(i.ADC_Enable) for ADC_Enable
    stm32f1xx_hal_adc.o(i.HAL_ADC_Start_DMA) refers to stm32f1xx_hal_dma.o(i.HAL_DMA_Start_IT) for HAL_DMA_Start_IT
    stm32f1xx_hal_adc.o(i.HAL_ADC_Start_DMA) refers to stm32f1xx_hal_adc.o(i.ADC_DMAConvCplt) for ADC_DMAConvCplt
    stm32f1xx_hal_adc.o(i.HAL_ADC_Start_DMA) refers to stm32f1xx_hal_adc.o(i.ADC_DMAHalfConvCplt) for ADC_DMAHalfConvCplt
    stm32f1xx_hal_adc.o(i.HAL_ADC_Start_DMA) refers to stm32f1xx_hal_adc.o(i.ADC_DMAError) for ADC_DMAError
    stm32f1xx_hal_adc.o(i.HAL_ADC_Start_IT) refers to stm32f1xx_hal_adc.o(i.ADC_Enable) for ADC_Enable
    stm32f1xx_hal_adc.o(i.HAL_ADC_Stop) refers to stm32f1xx_hal_adc.o(i.ADC_ConversionStop_Disable) for ADC_ConversionStop_Disable
    stm32f1xx_hal_adc.o(i.HAL_ADC_Stop_DMA) refers to stm32f1xx_hal_adc.o(i.ADC_ConversionStop_Disable) for ADC_ConversionStop_Disable
    stm32f1xx_hal_adc.o(i.HAL_ADC_Stop_DMA) refers to stm32f1xx_hal_dma.o(i.HAL_DMA_Abort) for HAL_DMA_Abort
    stm32f1xx_hal_adc.o(i.HAL_ADC_Stop_IT) refers to stm32f1xx_hal_adc.o(i.ADC_ConversionStop_Disable) for ADC_ConversionStop_Disable
    stm32f1xx_hal_adc_ex.o(i.HAL_ADCEx_Calibration_Start) refers to stm32f1xx_hal_adc.o(i.ADC_ConversionStop_Disable) for ADC_ConversionStop_Disable
    stm32f1xx_hal_adc_ex.o(i.HAL_ADCEx_Calibration_Start) refers to stm32f1xx_hal_rcc_ex.o(i.HAL_RCCEx_GetPeriphCLKFreq) for HAL_RCCEx_GetPeriphCLKFreq
    stm32f1xx_hal_adc_ex.o(i.HAL_ADCEx_Calibration_Start) refers to stm32f1xx_hal_adc.o(i.ADC_Enable) for ADC_Enable
    stm32f1xx_hal_adc_ex.o(i.HAL_ADCEx_Calibration_Start) refers to stm32f1xx_hal.o(i.HAL_GetTick) for HAL_GetTick
    stm32f1xx_hal_adc_ex.o(i.HAL_ADCEx_Calibration_Start) refers to system_stm32f1xx_1.o(.data) for SystemCoreClock
    stm32f1xx_hal_adc_ex.o(i.HAL_ADCEx_InjectedConfigChannel) refers to system_stm32f1xx_1.o(.data) for SystemCoreClock
    stm32f1xx_hal_adc_ex.o(i.HAL_ADCEx_InjectedPollForConversion) refers to stm32f1xx_hal.o(i.HAL_GetTick) for HAL_GetTick
    stm32f1xx_hal_adc_ex.o(i.HAL_ADCEx_InjectedPollForConversion) refers to stm32f1xx_hal_rcc_ex.o(i.HAL_RCCEx_GetPeriphCLKFreq) for HAL_RCCEx_GetPeriphCLKFreq
[...]
    Removing stm32f1xx_hal_gpio_ex.o(.rev16_text), (4 bytes).
    Removing stm32f1xx_hal_gpio_ex.o(.revsh_text), (4 bytes).
    Removing stm32f1xx_hal_gpio_ex.o(.rrx_text), (6 bytes).
    Removing stm32f1xx_hal_gpio_ex.o(i.HAL_GPIOEx_ConfigEventout), (20 bytes).
    Removing stm32f1xx_hal_gpio_ex.o(i.HAL_GPIOEx_DisableEventout), (16 bytes).
    Removing stm32f1xx_hal_gpio_ex.o(i.HAL_GPIOEx_EnableEventout), (16 bytes).
    Removing stm32f1xx_hal_spi.o(.rev16_text), (4 bytes).
    Removing stm32f1xx_hal_spi.o(.revsh_text), (4 bytes).
    Removing stm32f1xx_hal_spi.o(.rrx_text), (6 bytes).
    Removing stm32f1xx_hal_spi.o(i.HAL_SPI_DMAPause), (48 bytes).
    Removing stm32f1xx_hal_spi.o(i.HAL_SPI_DMAResume), (48 bytes).
    Removing stm32f1xx_hal_spi.o(i.HAL_SPI_DMAStop), (50 bytes).
    Removing stm32f1xx_hal_spi.o(i.HAL_SPI_DeInit), (46 bytes).
    Removing stm32f1xx_hal_spi.o(i.HAL_SPI_ErrorCallback), (2 bytes).
    Removing stm32f1xx_hal_spi.o(i.HAL_SPI_GetError), (4 bytes).
    Removing stm32f1xx_hal_spi.o(i.HAL_SPI_GetState), (6 bytes).
    Removing stm32f1xx_hal_spi.o(i.HAL_SPI_IRQHandler), (176 bytes).
    Removing stm32f1xx_hal_spi.o(i.HAL_SPI_Init), (122 bytes).
    Removing stm32f1xx_hal_spi.o(i.HAL_SPI_MspDeInit), (2 bytes).
    Removing stm32f1xx_hal_spi.o(i.HAL_SPI_MspInit), (2 bytes).
    Removing stm32f1xx_hal_spi.o(i.HAL_SPI_Receive), (492 bytes).
    Removing stm32f1xx_hal_spi.o(i.HAL_SPI_Receive_DMA), (224 bytes).
    Removing stm32f1xx_hal_spi.o(i.HAL_SPI_Receive_IT), (180 bytes).
    Removing stm32f1xx_hal_spi.o(i.HAL_SPI_RxCpltCallback), (2 bytes).
    Removing stm32f1xx_hal_spi.o(i.HAL_SPI_RxHalfCpltCallback), (2 bytes).
    Removing stm32f1xx_hal_spi.o(i.HAL_SPI_Transmit), (326 bytes).
    Removing stm32f1xx_hal_spi.o(i.HAL_SPI_TransmitReceive_DMA), (272 bytes).
    Removing stm32f1xx_hal_spi.o(i.HAL_SPI_TransmitReceive_IT), (172 bytes).
    Removing stm32f1xx_hal_spi.o(i.HAL_SPI_Transmit_DMA), (192 bytes).
    Removing stm32f1xx_hal_spi.o(i.HAL_SPI_Transmit_IT), (164 bytes).
    Removing stm32f1xx_hal_spi.o(i.HAL_SPI_TxCpltCallback), (2 bytes).
    Removing stm32f1xx_hal_spi.o(i.HAL_SPI_TxHalfCpltCallback), (2 bytes).
    Removing stm32f1xx_hal_spi.o(i.HAL_SPI_TxRxCpltCallback), (2 bytes).
    Removing stm32f1xx_hal_spi.o(i.HAL_SPI_TxRxHalfCpltCallback), (2 bytes).
    Removing stm32f1xx_hal_spi.o(i.SPI_2LinesRxISR), (44 bytes).
    Removing stm32f1xx_hal_spi.o(i.SPI_DMAError), (30 bytes).
    Removing stm32f1xx_hal_spi.o(i.SPI_DMAHalfReceiveCplt), (10 bytes).
    Removing stm32f1xx_hal_spi.o(i.SPI_DMAHalfTransmitCplt), (10 bytes).
    Removing stm32f1xx_hal_spi.o(i.SPI_DMAHalfTransmitReceiveCplt), (10 bytes).
    Removing stm32f1xx_hal_spi.o(i.SPI_DMAReceiveCplt), (218 bytes).
    Removing stm32f1xx_hal_spi.o(i.SPI_DMATransmitCplt), (108 bytes).
    Removing stm32f1xx_hal_spi.o(i.SPI_DMATransmitReceiveCplt), (190 bytes).
    Removing stm32f1xx_hal_spi.o(i.SPI_ISCRCErrorValid), (4 bytes).
    Removing stm32f1xx_hal_spi.o(i.SPI_RxCloseIRQHandler), (246 bytes).
    Removing stm32f1xx_hal_spi.o(i.SPI_RxISR), (70 bytes).
    Removing stm32f1xx_hal_spi.o(i.SPI_TxCloseIRQHandler), (130 bytes).
    Removing stm32f1xx_hal_spi.o(i.SPI_TxISR), (66 bytes).
    Removing stm32f1xx_hal_cortex.o(.rev16_text), (4 bytes).
    Removing stm32f1xx_hal_cortex.o(.revsh_text), (4 bytes).
    Removing stm32f1xx_hal_cortex.o(.rrx_text), (6 bytes).
    Removing stm32f1xx_hal_cortex.o(i.HAL_NVIC_ClearPendingIRQ), (22 bytes).
    Removing stm32f1xx_hal_cortex.o(i.HAL_NVIC_DisableIRQ), (22 bytes).
    Removing stm32f1xx_hal_cortex.o(i.HAL_NVIC_GetActive), (32 bytes).
    Removing stm32f1xx_hal_cortex.o(i.HAL_NVIC_GetPendingIRQ), (32 bytes).
    Removing stm32f1xx_hal_cortex.o(i.HAL_NVIC_GetPriority), (82 bytes).
    Removing stm32f1xx_hal_cortex.o(i.HAL_NVIC_GetPriorityGrouping), (16 bytes).
    Removing stm32f1xx_hal_cortex.o(i.HAL_NVIC_SetPendingIRQ), (22 bytes).
    Removing stm32f1xx_hal_cortex.o(i.HAL_NVIC_SystemReset), (36 bytes).
    Removing stm32f1xx_hal_gpio.o(.rev16_text), (4 bytes).
    Removing stm32f1xx_hal_gpio.o(.revsh_text), (4 bytes).
    Removing stm32f1xx_hal_gpio.o(.rrx_text), (6 bytes).
    Removing stm32f1xx_hal_gpio.o(i.HAL_GPIO_DeInit), (228 bytes).
    Removing stm32f1xx_hal_gpio.o(i.HAL_GPIO_LockPin), (34 bytes).
    Removing stm32f1xx_hal_gpio.o(i.HAL_GPIO_TogglePin), (8 bytes).
    Removing main.o(.rev16_text), (4 bytes).
    Removing main.o(.revsh_text), (4 bytes).
    Removing main.o(.rrx_text), (6 bytes).
    Removing main.o(i.EEPROM_Read), (28 bytes).
    Removing main.o(i.EEPROM_Write), (28 bytes).
    Removing main.o(i.Error_Handler), (2 bytes).
    Removing main.o(i.GetTempDeviceByID), (52 bytes).
    Removing main.o(i.LCD_DrawCircle), (218 bytes).
    Removing main.o(i.LCD_DrawTriangle), (58 bytes).
    Removing main.o(i.LCD_FillCircle), (154 bytes).
    Removing main.o(i.LCD_FillTriangle), (72 bytes).
    Removing main.o(i.LCD_FillTriangleA), (198 bytes).
    Removing main.o(i.LCD_Output_image), (146 bytes).
    Removing main.o(i.LCD_Putchar_Shadow), (162 bytes).
    Removing main.o(i.LCD_Puts_Shadow), (74 bytes).
    Removing main.o(i.LCD_Putsf_Shadow), (74 bytes).
    Removing main.o(i.LCD_off), (6 bytes).
    Removing main.o(i.NRF24L01_ReadRigester), (52 bytes).
    Removing main.o(i.NRF24L01_WriteRigester), (60 bytes).
    Removing main.o(i.NRF24L01_hack_mode), (64 bytes).
    Removing main.o(i.RackageProcc), (164 bytes).
    Removing main.o(i.SendCmd), (2 bytes).
    Removing main.o(i.Send_Image), (160 bytes).
    Removing main.o(i.Send_Symbol), (288 bytes).
    Removing main.o(i.Send_Symbol_Shadow), (292 bytes).
    Removing main.o(i.SetID), (18 bytes).
    Removing main.o(i.UnZipPackage), (600 bytes).
    Removing main.o(.constdata), (4560 bytes).
    Removing main.o(.conststring), (55 bytes).
    Removing main.o(.data), (5 bytes).
    Removing main.o(.data), (20 bytes).
    Removing main.o(.data), (1 bytes).
    Removing main.o(.data), (1 bytes).
    Removing main.o(.data), (1 bytes).
    Removing stm32f1xx_it.o(.rev16_text), (4 bytes).
    Removing stm32f1xx_it.o(.revsh_text), (4 bytes).
    Removing stm32f1xx_it.o(.rrx_text), (6 bytes).
    Removing stm32f1xx_hal_msp_1.o(.rev16_text), (4 bytes).
    Removing stm32f1xx_hal_msp_1.o(.revsh_text), (4 bytes).
    Removing stm32f1xx_hal_msp_1.o(.rrx_text), (6 bytes).
    Removing stm32f1xx_hal_msp_1.o(i.HAL_ADC_MspDeInit), (40 bytes).
    Removing stm32f1xx_hal_msp_1.o(i.HAL_I2C_MspDeInit), (44 bytes).
    Removing stm32f1xx_hal_msp_1.o(i.HAL_RTC_MspDeInit), (40 bytes).
    Removing stm32f1xx_hal_msp_1.o(i.HAL_SPI_MspDeInit), (68 bytes).
    Removing stm32f1xx_hal_msp_1.o(i.HAL_TIM_Base_MspDeInit), (36 bytes).

473 unused section(s) (total 40003 bytes) removed from the image.

==============================================================================

Image Symbol Table

    Local Symbols

    Symbol Name                              Value     Ov Type        Size  Object(Section)

    ../Drivers/STM32F1xx_HAL_Driver/Src/stm32f1xx_hal.c 0x00000000   Number         0  stm32f1xx_hal.o ABSOLUTE
    ../Drivers/STM32F1xx_HAL_Driver/Src/stm32f1xx_hal_adc.c 0x00000000   Number         0  stm32f1xx_hal_adc.o ABSOLUTE
    ../Drivers/STM32F1xx_HAL_Driver/Src/stm32f1xx_hal_adc_ex.c 0x00000000   Number         0  stm32f1xx_hal_adc_ex.o ABSOLUTE
    ../Drivers/STM32F1xx_HAL_Driver/Src/stm32f1xx_hal_cortex.c 0x00000000   Number         0  stm32f1xx_hal_cortex.o ABSOLUTE
    ../Drivers/STM32F1xx_HAL_Driver/Src/stm32f1xx_hal_dma.c 0x00000000   Number         0  stm32f1xx_hal_dma.o ABSOLUTE
    ../Drivers/STM32F1xx_HAL_Driver/Src/stm32f1xx_hal_flash.c 0x00000000   Number         0  stm32f1xx_hal_flash.o ABSOLUTE
    ../Drivers/STM32F1xx_HAL_Driver/Src/stm32f1xx_hal_flash_ex.c 0x00000000   Number         0  stm32f1xx_hal_flash_ex.o ABSOLUTE
    ../Drivers/STM32F1xx_HAL_Driver/Src/stm32f1xx_hal_gpio.c 0x00000000   Number         0  stm32f1xx_hal_gpio.o ABSOLUTE
    ../Drivers/STM32F1xx_HAL_Driver/Src/stm32f1xx_hal_gpio_ex.c 0x00000000   Number         0  stm32f1xx_hal_gpio_ex.o ABSOLUTE
    ../Drivers/STM32F1xx_HAL_Driver/Src/stm32f1xx_hal_i2c.c 0x00000000   Number         0  stm32f1xx_hal_i2c.o ABSOLUTE
    ../Drivers/STM32F1xx_HAL_Driver/Src/stm32f1xx_hal_pwr.c 0x00000000   Number         0  stm32f1xx_hal_pwr.o ABSOLUTE
    ../Drivers/STM32F1xx_HAL_Driver/Src/stm32f1xx_hal_rcc.c 0x00000000   Number         0  stm32f1xx_hal_rcc.o ABSOLUTE
    ../Drivers/STM32F1xx_HAL_Driver/Src/stm32f1xx_hal_rcc_ex.c 0x00000000   Number         0  stm32f1xx_hal_rcc_ex.o ABSOLUTE
    ../Drivers/STM32F1xx_HAL_Driver/Src/stm32f1xx_hal_rtc.c 0x00000000   Number         0  stm32f1xx_hal_rtc.o ABSOLUTE
    ../Drivers/STM32F1xx_HAL_Driver/Src/stm32f1xx_hal_rtc_ex.c 0x00000000   Number         0  stm32f1xx_hal_rtc_ex.o ABSOLUTE
    ../Drivers/STM32F1xx_HAL_Driver/Src/stm32f1xx_hal_spi.c 0x00000000   Number         0  stm32f1xx_hal_spi.o ABSOLUTE
    ../Drivers/STM32F1xx_HAL_Driver/Src/stm32f1xx_hal_spi_ex.c 0x00000000   Number         0  stm32f1xx_hal_spi_ex.o ABSOLUTE
    ../Drivers/STM32F1xx_HAL_Driver/Src/stm32f1xx_hal_tim.c 0x00000000   Number         0  stm32f1xx_hal_tim.o ABSOLUTE
    ../Drivers/STM32F1xx_HAL_Driver/Src/stm32f1xx_hal_tim_ex.c 0x00000000   Number         0  stm32f1xx_hal_tim_ex.o ABSOLUTE
    ../Src/main.c                            0x00000000   Number         0  main.o ABSOLUTE
    ../Src/stm32f1xx_hal_msp.c               0x00000000   Number         0  stm32f1xx_hal_msp_1.o ABSOLUTE
    ../Src/stm32f1xx_it.c                    0x00000000   Number         0  stm32f1xx_it.o ABSOLUTE
    ../Src/system_stm32f1xx.c                0x00000000   Number         0  system_stm32f1xx_1.o ABSOLUTE
    ../clib/../cmprslib/lz77c.c              0x00000000   Number         0  __dclz77c.o ABSOLUTE
    ../clib/microlib/init/entry.s            0x00000000   Number         0  entry9b.o ABSOLUTE
    ../clib/microlib/init/entry.s            0x00000000   Number         0  entry9a.o ABSOLUTE
    ../clib/microlib/init/entry.s            0x00000000   Number         0  entry.o ABSOLUTE
    ../clib/microlib/init/entry.s            0x00000000   Number         0  entry5.o ABSOLUTE
    ../clib/microlib/init/entry.s            0x00000000   Number         0  entry7a.o ABSOLUTE
    ../clib/microlib/init/entry.s            0x00000000   Number         0  entry2.o ABSOLUTE
    ../clib/microlib/init/entry.s            0x00000000   Number         0  entry7b.o ABSOLUTE
    ../clib/microlib/init/entry.s            0x00000000   Number         0  entry10a.o ABSOLUTE
    ../clib/microlib/init/entry.s            0x00000000   Number         0  entry8a.o ABSOLUTE
    ../clib/microlib/init/entry.s            0x00000000   Number         0  entry11b.o ABSOLUTE
    ../clib/microlib/init/entry.s            0x00000000   Number         0  entry8b.o ABSOLUTE
    ../clib/microlib/init/entry.s            0x00000000   Number         0  entry11a.o ABSOLUTE
    ../clib/microlib/init/entry.s            0x00000000   Number         0  entry10b.o ABSOLUTE
    ../clib/microlib/longlong.c              0x00000000   Number         0  llushr.o ABSOLUTE
    ../clib/microlib/longlong.c              0x00000000   Number         0  llshl.o ABSOLUTE
    ../clib/microlib/malloc/malloc.c         0x00000000   Number         0  malloc.o ABSOLUTE
    ../clib/microlib/malloc/malloc.c         0x00000000   Number         0  malloca.o ABSOLUTE
    ../clib/microlib/malloc/malloc.c         0x00000000   Number         0  mallocr.o ABSOLUTE
    ../clib/microlib/malloc/malloc.c         0x00000000   Number         0  mallocra.o ABSOLUTE
    ../clib/microlib/malloc/mvars.c          0x00000000   Number         0  mvars.o ABSOLUTE
    ../clib/microlib/string/memcpy.c         0x00000000   Number         0  memcpya.o ABSOLUTE
    ../clib/microlib/string/memcpy.c         0x00000000   Number         0  memcpyb.o ABSOLUTE
    ../clib/microlib/string/strlen.c         0x00000000   Number         0  strlen.o ABSOLUTE
    ../clib/microlib/stubs.s                 0x00000000   Number         0  iusefp.o ABSOLUTE
    ../fplib/microlib/f2d.c                  0x00000000   Number         0  f2d.o ABSOLUTE
    ../fplib/microlib/fpdiv.c                0x00000000   Number         0  ddiv.o ABSOLUTE
    ../fplib/microlib/fpepilogue.c           0x00000000   Number         0  fepilogue.o ABSOLUTE
    ../fplib/microlib/fpepilogue.c           0x00000000   Number         0  depilogue.o ABSOLUTE
    ../fplib/microlib/fpfix.c                0x00000000   Number         0  dfixui.o ABSOLUTE
    ../fplib/microlib/fpfix.c                0x00000000   Number         0  ffixui.o ABSOLUTE
    ../fplib/microlib/fpflt.c                0x00000000   Number         0  ffltui.o ABSOLUTE
    ../fplib/microlib/fpmul.c                0x00000000   Number         0  dmul.o ABSOLUTE
    ../fplib/microlib/fpscalb.c              0x00000000   Number         0  dscalb.o ABSOLUTE
    ..\Drivers\STM32F1xx_HAL_Driver\Src\stm32f1xx_hal.c 0x00000000   Number         0  stm32f1xx_hal.o ABSOLUTE
    ..\Drivers\STM32F1xx_HAL_Driver\Src\stm32f1xx_hal_adc.c 0x00000000   Number         0  stm32f1xx_hal_adc.o ABSOLUTE
    ..\Drivers\STM32F1xx_HAL_Driver\Src\stm32f1xx_hal_adc_ex.c 0x00000000   Number         0  stm32f1xx_hal_adc_ex.o ABSOLUTE
    ..\Drivers\STM32F1xx_HAL_Driver\Src\stm32f1xx_hal_cortex.c 0x00000000   Number         0  stm32f1xx_hal_cortex.o ABSOLUTE
    ..\Drivers\STM32F1xx_HAL_Driver\Src\stm32f1xx_hal_dma.c 0x00000000   Number         0  stm32f1xx_hal_dma.o ABSOLUTE
    ..\Drivers\STM32F1xx_HAL_Driver\Src\stm32f1xx_hal_flash.c 0x00000000   Number         0  stm32f1xx_hal_flash.o ABSOLUTE
    ..\Drivers\STM32F1xx_HAL_Driver\Src\stm32f1xx_hal_flash_ex.c 0x00000000   Number         0  stm32f1xx_hal_flash_ex.o ABSOLUTE
    ..\Drivers\STM32F1xx_HAL_Driver\Src\stm32f1xx_hal_gpio.c 0x00000000   Number         0  stm32f1xx_hal_gpio.o ABSOLUTE
    ..\Drivers\STM32F1xx_HAL_Driver\Src\stm32f1xx_hal_gpio_ex.c 0x00000000   Number         0  stm32f1xx_hal_gpio_ex.o ABSOLUTE
    ..\Drivers\STM32F1xx_HAL_Driver\Src\stm32f1xx_hal_i2c.c 0x00000000   Number         0  stm32f1xx_hal_i2c.o ABSOLUTE
    ..\Drivers\STM32F1xx_HAL_Driver\Src\stm32f1xx_hal_pwr.c 0x00000000   Number         0  stm32f1xx_hal_pwr.o ABSOLUTE
    ..\Drivers\STM32F1xx_HAL_Driver\Src\stm32f1xx_hal_rcc.c 0x00000000   Number         0  stm32f1xx_hal_rcc.o ABSOLUTE
    ..\Drivers\STM32F1xx_HAL_Driver\Src\stm32f1xx_hal_rcc_ex.c 0x00000000   Number         0  stm32f1xx_hal_rcc_ex.o ABSOLUTE
    ..\Drivers\STM32F1xx_HAL_Driver\Src\stm32f1xx_hal_rtc.c 0x00000000   Number         0  stm32f1xx_hal_rtc.o ABSOLUTE
    ..\Drivers\STM32F1xx_HAL_Driver\Src\stm32f1xx_hal_rtc_ex.c 0x00000000   Number         0  stm32f1xx_hal_rtc_ex.o ABSOLUTE
    ..\Drivers\STM32F1xx_HAL_Driver\Src\stm32f1xx_hal_spi.c 0x00000000   Number         0  stm32f1xx_hal_spi.o ABSOLUTE
    ..\Drivers\STM32F1xx_HAL_Driver\Src\stm32f1xx_hal_spi_ex.c 0x00000000   Number         0  stm32f1xx_hal_spi_ex.o ABSOLUTE
    ..\Drivers\STM32F1xx_HAL_Driver\Src\stm32f1xx_hal_tim.c 0x00000000   Number         0  stm32f1xx_hal_tim.o ABSOLUTE
    ..\Drivers\STM32F1xx_HAL_Driver\Src\stm32f1xx_hal_tim_ex.c 0x00000000   Number         0  stm32f1xx_hal_tim_ex.o ABSOLUTE
    ..\Src\main.c                            0x00000000   Number         0  main.o ABSOLUTE
    ..\Src\stm32f1xx_hal_msp.c               0x00000000   Number         0  stm32f1xx_hal_msp_1.o ABSOLUTE
    ..\Src\stm32f1xx_it.c                    0x00000000   Number         0  stm32f1xx_it.o ABSOLUTE
    ..\Src\system_stm32f1xx.c                0x00000000   Number         0  system_stm32f1xx_1.o ABSOLUTE
    dc.s                                     0x00000000   Number         0  dc.o ABSOLUTE
    handlers.s                               0x00000000   Number         0  handlers.o ABSOLUTE
    init.s                                   0x00000000   Number         0  init.o ABSOLUTE
    startup_stm32f103xb.s                    0x00000000   Number         0  startup_stm32f103xb.o ABSOLUTE
    RESET                                    0x08000000   Section      236  startup_stm32f103xb.o(RESET)
    .ARM.Collect$$$$00000000                 0x080000ec   Section        0  entry.o(.ARM.Collect$$$$00000000)
    .ARM.Collect$$$$00000001                 0x080000ec   Section        4  entry2.o(.ARM.Collect$$$$00000001)
    .ARM.Collect$$$$00000004                 0x080000f0   Section        4  entry5.o(.ARM.Collect$$$$00000004)
    .ARM.Collect$$$$00000008                 0x080000f4   Section        0  entry7b.o(.ARM.Collect$$$$00000008)
    .ARM.Collect$$$$0000000A                 0x080000f4   Section        0  entry8b.o(.ARM.Collect$$$$0000000A)
    .ARM.Collect$$$$0000000B                 0x080000f4   Section        8  entry9a.o(.ARM.Collect$$$$0000000B)
    .ARM.Collect$$$$0000000D                 0x080000fc   Section        0  entry10a.o(.ARM.Collect$$$$0000000D)
    .ARM.Collect$$$$0000000F                 0x080000fc   Section        0  entry11a.o(.ARM.Collect$$$$0000000F)
    .ARM.Collect$$$$00002712                 0x080000fc   Section        4  entry2.o(.ARM.Collect$$$$00002712)
    __lit__00000000                          0x080000fc   Data           4  entry2.o(.ARM.Collect$$$$00002712)
    .text                                    0x08000100   Section       36  startup_stm32f103xb.o(.text)
    .text                                    0x08000124   Section        0  llushr.o(.text)
    .text                                    0x08000144   Section        0  strlen.o(.text)
    .text                                    0x08000152   Section        0  dmul.o(.text)
    .text                                    0x08000236   Section        0  ddiv.o(.text)
    .text                                    0x08000314   Section        0  dscalb.o(.text)
    .text                                    0x08000342   Section        0  ffltui.o(.text)
    .text                                    0x0800034c   Section        0  ffixui.o(.text)
    .text                                    0x08000374   Section        0  dfixui.o(.text)
    .text                                    0x080003a6   Section        0  f2d.o(.text)
    .text                                    0x080003cc   Section        0  fepilogue.o(.text)
    .text                                    0x080003cc   Section        0  iusefp.o(.text)
    .text                                    0x0800043a   Section        0  depilogue.o(.text)
    .text                                    0x080004f4   Section       36  init.o(.text)
    .text                                    0x08000518   Section        0  llshl.o(.text)
    .text                                    0x08000536   Section        0  __dclz77c.o(.text)
    i.ADC_ConversionStop_Disable             0x08000594   Section        0  stm32f1xx_hal_adc.o(i.ADC_ConversionStop_Disable)
    i.ADC_Enable                             0x080005e0   Section        0  stm32f1xx_hal_adc.o(i.ADC_Enable)
    i.BusFault_Handler                       0x08000650   Section        0  stm32f1xx_it.o(i.BusFault_Handler)
    i.ChannelInfo                            0x08000654   Section        0  main.o(i.ChannelInfo)
    i.DebugMon_Handler                       0x080006c0   Section        0  stm32f1xx_it.o(i.DebugMon_Handler)
    i.DeviceInfo                             0x080006c4   Section        0  main.o(i.DeviceInfo)
    i.DevicesMenu                            0x08000764   Section        0  main.o(i.DevicesMenu)
    i.EXTI0_IRQHandler                       0x080007f0   Section        0  stm32f1xx_it.o(i.EXTI0_IRQHandler)
    i.EXTI15_10_IRQHandler                   0x0800080c   Section        0  stm32f1xx_it.o(i.EXTI15_10_IRQHandler)
    i.EXTI9_5_IRQHandler                     0x08000826   Section        0  stm32f1xx_it.o(i.EXTI9_5_IRQHandler)
    i.FindDevicesMenu                        0x08000840   Section        0  main.o(i.FindDevicesMenu)
    i.GetChannelDesc                         0x08000854   Section        0  main.o(i.GetChannelDesc)
    i.GetDeviceByID                          0x0800087c   Section        0  main.o(i.GetDeviceByID)
    i.GetInUmV                               0x080008b0   Section        0  main.o(i.GetInUmV)
    i.GetKey                                 0x08000910   Section        0  main.o(i.GetKey)
    i.HAL_ADC_ConfigChannel                  0x08000944   Section        0  stm32f1xx_hal_adc.o(i.HAL_ADC_ConfigChannel)
    i.HAL_ADC_Init                           0x08000aac   Section        0  stm32f1xx_hal_adc.o(i.HAL_ADC_Init)
    i.HAL_ADC_MspInit                        0x08000be0   Section        0  stm32f1xx_hal_msp_1.o(i.HAL_ADC_MspInit)
    i.HAL_ADC_Start                          0x08000c20   Section        0  stm32f1xx_hal_adc.o(i.HAL_ADC_Start)
    i.HAL_ADC_Stop_IT                        0x08000ce0   Section        0  stm32f1xx_hal_adc.o(i.HAL_ADC_Stop_IT)
    i.HAL_Delay                              0x08000d1e   Section        0  stm32f1xx_hal.o(i.HAL_Delay)
    i.HAL_GPIO_EXTI_Callback                 0x08000d34   Section        0  stm32f1xx_hal_gpio.o(i.HAL_GPIO_EXTI_Callback)
    i.HAL_GPIO_EXTI_IRQHandler               0x08000d38   Section        0  stm32f1xx_hal_gpio.o(i.HAL_GPIO_EXTI_IRQHandler)
    i.HAL_GPIO_Init                          0x08000d50   Section        0  stm32f1xx_hal_gpio.o(i.HAL_GPIO_Init)
    i.HAL_GPIO_ReadPin                       0x08000f0c   Section        0  stm32f1xx_hal_gpio.o(i.HAL_GPIO_ReadPin)
    i.HAL_GPIO_WritePin                      0x08000f16   Section        0  stm32f1xx_hal_gpio.o(i.HAL_GPIO_WritePin)
    i.HAL_GetTick                            0x08000f20   Section        0  stm32f1xx_hal.o(i.HAL_GetTick)
    i.HAL_I2C_Init                           0x08000f2c   Section        0  stm32f1xx_hal_i2c.o(i.HAL_I2C_Init)
    i.HAL_I2C_MspInit                        0x0800100c   Section        0  stm32f1xx_hal_msp_1.o(i.HAL_I2C_MspInit)
    i.HAL_IncTick                            0x08001060   Section        0  stm32f1xx_hal.o(i.HAL_IncTick)
    i.HAL_Init                               0x08001070   Section        0  stm32f1xx_hal.o(i.HAL_Init)
    i.HAL_InitTick                           0x08001094   Section        0  stm32f1xx_hal.o(i.HAL_InitTick)
    i.HAL_MspInit                            0x080010b8   Section        0  stm32f1xx_hal_msp_1.o(i.HAL_MspInit)
    i.HAL_NVIC_EnableIRQ                     0x08001138   Section        0  stm32f1xx_hal_cortex.o(i.HAL_NVIC_EnableIRQ)
    i.HAL_NVIC_SetPriority                   0x08001150   Section        0  stm32f1xx_hal_cortex.o(i.HAL_NVIC_SetPriority)
    i.HAL_NVIC_SetPriorityGrouping           0x08001190   Section        0  stm32f1xx_hal_cortex.o(i.HAL_NVIC_SetPriorityGrouping)
    i.HAL_PWR_EnableBkUpAccess               0x080011b4   Section        0  stm32f1xx_hal_pwr.o(i.HAL_PWR_EnableBkUpAccess)
    i.HAL_PWR_EnterSTOPMode                  0x080011cc   Section        0  stm32f1xx_hal_pwr.o(i.HAL_PWR_EnterSTOPMode)
    i.HAL_RCCEx_GetPeriphCLKFreq             0x08001210   Section        0  stm32f1xx_hal_rcc_ex.o(i.HAL_RCCEx_GetPeriphCLKFreq)
    i.HAL_RCCEx_PeriphCLKConfig              0x08001304   Section        0  stm32f1xx_hal_rcc_ex.o(i.HAL_RCCEx_PeriphCLKConfig)
    i.HAL_RCC_ClockConfig                    0x0800142c   Section        0  stm32f1xx_hal_rcc.o(i.HAL_RCC_ClockConfig)
    i.HAL_RCC_GetHCLKFreq                    0x080016b4   Section        0  stm32f1xx_hal_rcc.o(i.HAL_RCC_GetHCLKFreq)
    i.HAL_RCC_GetPCLK1Freq                   0x080016e8   Section        0  stm32f1xx_hal_rcc.o(i.HAL_RCC_GetPCLK1Freq)
    i.HAL_RCC_GetPCLK2Freq                   0x08001714   Section        0  stm32f1xx_hal_rcc.o(i.HAL_RCC_GetPCLK2Freq)
    i.HAL_RCC_GetSysClockFreq                0x08001740   Section        0  stm32f1xx_hal_rcc.o(i.HAL_RCC_GetSysClockFreq)
    i.HAL_RCC_OscConfig                      0x080017cc   Section        0  stm32f1xx_hal_rcc.o(i.HAL_RCC_OscConfig)
    i.HAL_RTC_GetTime                        0x08001dfe   Section        0  stm32f1xx_hal_rtc.o(i.HAL_RTC_GetTime)
    i.HAL_RTC_Init                           0x08001ed8   Section        0  stm32f1xx_hal_rtc.o(i.HAL_RTC_Init)
    i.HAL_RTC_MspInit                        0x08001f78   Section        0  stm32f1xx_hal_msp_1.o(i.HAL_RTC_MspInit)
    i.HAL_RTC_WaitForSynchro                 0x08001fbc   Section        0  stm32f1xx_hal_rtc.o(i.HAL_RTC_WaitForSynchro)
    i.HAL_SPI_Init                           0x08001ff8   Section        0  stm32f1xx_hal_spi_ex.o(i.HAL_SPI_Init)
    i.HAL_SPI_MspInit                        0x08002080   Section        0  stm32f1xx_hal_msp_1.o(i.HAL_SPI_MspInit)
    i.HAL_SPI_TransmitReceive                0x08002110   Section        0  stm32f1xx_hal_spi.o(i.HAL_SPI_TransmitReceive)
    i.HAL_SYSTICK_CLKSourceConfig            0x080023c2   Section        0  stm32f1xx_hal_cortex.o(i.HAL_SYSTICK_CLKSourceConfig)
    i.HAL_SYSTICK_Callback                   0x080023da   Section        0  stm32f1xx_hal_cortex.o(i.HAL_SYSTICK_Callback)
    i.HAL_SYSTICK_Config                     0x080023dc   Section        0  stm32f1xx_hal_cortex.o(i.HAL_SYSTICK_Config)
    i.HAL_SYSTICK_IRQHandler                 0x08002404   Section        0  stm32f1xx_hal_cortex.o(i.HAL_SYSTICK_IRQHandler)
    i.HAL_TIMEx_BreakCallback                0x0800240c   Section        0  stm32f1xx_hal_tim_ex.o(i.HAL_TIMEx_BreakCallback)
    i.HAL_TIMEx_CommutationCallback          0x0800240e   Section        0  stm32f1xx_hal_tim_ex.o(i.HAL_TIMEx_CommutationCallback)
    i.HAL_TIMEx_MasterConfigSynchronization  0x08002410   Section        0  stm32f1xx_hal_tim_ex.o(i.HAL_TIMEx_MasterConfigSynchronization)
    i.HAL_TIM_Base_Init                      0x08002460   Section        0  stm32f1xx_hal_tim.o(i.HAL_TIM_Base_Init)
    i.HAL_TIM_Base_MspInit                   0x08002498   Section        0  stm32f1xx_hal_msp_1.o(i.HAL_TIM_Base_MspInit)
    i.HAL_TIM_Base_Start_IT                  0x080024d4   Section        0  stm32f1xx_hal_tim.o(i.HAL_TIM_Base_Start_IT)
    i.HAL_TIM_Base_Stop_IT                   0x080024ec   Section        0  stm32f1xx_hal_tim.o(i.HAL_TIM_Base_Stop_IT)
    i.HAL_TIM_ConfigClockSource              0x08002516   Section        0  stm32f1xx_hal_tim.o(i.HAL_TIM_ConfigClockSource)
    i.HAL_TIM_IC_CaptureCallback             0x08002608   Section        0  stm32f1xx_hal_tim.o(i.HAL_TIM_IC_CaptureCallback)
    i.HAL_TIM_IRQHandler                     0x0800260a   Section        0  stm32f1xx_hal_tim.o(i.HAL_TIM_IRQHandler)
    i.HAL_TIM_OC_DelayElapsedCallback        0x08002770   Section        0  stm32f1xx_hal_tim.o(i.HAL_TIM_OC_DelayElapsedCallback)
    i.HAL_TIM_PWM_PulseFinishedCallback      0x08002772   Section        0  stm32f1xx_hal_tim.o(i.HAL_TIM_PWM_PulseFinishedCallback)
    i.HAL_TIM_PeriodElapsedCallback          0x08002774   Section        0  stm32f1xx_hal_tim.o(i.HAL_TIM_PeriodElapsedCallback)
    i.HAL_TIM_TriggerCallback                0x08002776   Section        0  stm32f1xx_hal_tim.o(i.HAL_TIM_TriggerCallback)
    i.HardFault_Handler                      0x08002778   Section        0  stm32f1xx_it.o(i.HardFault_Handler)
    i.InitAll                                0x0800277c   Section        0  main.o(i.InitAll)
    i.KeyPadMenu                             0x0800285c   Section        0  main.o(i.KeyPadMenu)
    i.KeyPadRead                             0x080028f4   Section        0  main.o(i.KeyPadRead)
    i.KeyPresed                              0x08002a58   Section        0  main.o(i.KeyPresed)
    i.LCD_DrawLine                           0x08002a7e   Section        0  main.o(i.LCD_DrawLine)
    i.LCD_DrawRect                           0x08002b36   Section        0  main.o(i.LCD_DrawRect)
    i.LCD_FillRect                           0x08002bac   Section        0  main.o(i.LCD_FillRect)
    i.LCD_FillScreen                         0x08002c0c   Section        0  main.o(i.LCD_FillScreen)
    i.LCD_Put24                              0x08002c88   Section        0  main.o(i.LCD_Put24)
    i.LCD_Put24Digit                         0x08002d2c   Section        0  main.o(i.LCD_Put24Digit)
    i.LCD_Putchar                            0x08002db0   Section        0  main.o(i.LCD_Putchar)
    i.LCD_Puts                               0x08002e30   Section        0  main.o(i.LCD_Puts)
    i.LCD_Write_Image_RLE_ColorBar           0x08002e68   Section        0  main.o(i.LCD_Write_Image_RLE_ColorBar)
    i.LCD_init                               0x08002ec8   Section        0  main.o(i.LCD_init)
    i.LcdWD                                  0x08002f3c   Section        0  main.o(i.LcdWD)
    i.MX_ADC1_Init                           0x08002f50   Section        0  main.o(i.MX_ADC1_Init)
    MX_ADC1_Init                             0x08002f51   Thumb Code    60  main.o(i.MX_ADC1_Init)
    i.MX_GPIO_Init                           0x08002f94   Section        0  main.o(i.MX_GPIO_Init)
    MX_GPIO_Init                             0x08002f95   Thumb Code   294  main.o(i.MX_GPIO_Init)
    i.MX_SPI1_Init                           0x080030d0   Section        0  main.o(i.MX_SPI1_Init)
    MX_SPI1_Init                             0x080030d1   Thumb Code    56  main.o(i.MX_SPI1_Init)
    i.MX_SPI2_Init                           0x08003110   Section        0  main.o(i.MX_SPI2_Init)
    MX_SPI2_Init                             0x08003111   Thumb Code    54  main.o(i.MX_SPI2_Init)
    i.MX_TIM1_Init                           0x08003150   Section        0  main.o(i.MX_TIM1_Init)
    MX_TIM1_Init                             0x08003151   Thumb Code    80  main.o(i.MX_TIM1_Init)
    i.MemManage_Handler                      0x080031a8   Section        0  stm32f1xx_it.o(i.MemManage_Handler)
    i.Menu                                   0x080031ac   Section        0  main.o(i.Menu)
    i.NMI_Handler                            0x0800324c   Section        0  stm32f1xx_it.o(i.NMI_Handler)
    i.NRF24L01_IRQ                           0x08003250   Section        0  main.o(i.NRF24L01_IRQ)
    i.NRF24L01_PowerDown                     0x0800329c   Section        0  main.o(i.NRF24L01_PowerDown)
    i.NRF24L01_init                          0x080032e0   Section        0  main.o(i.NRF24L01_init)
    i.NVIC_SetPriority                       0x0800341c   Section        0  stm32f1xx_hal_cortex.o(i.NVIC_SetPriority)
    NVIC_SetPriority                         0x0800341d   Thumb Code    32  stm32f1xx_hal_cortex.o(i.NVIC_SetPriority)
    i.PWR_OverloadWfe                        0x0800343c   Section        0  stm32f1xx_hal_pwr.o(i.PWR_OverloadWfe)
    PWR_OverloadWfe                          0x0800343d   Thumb Code     6  stm32f1xx_hal_pwr.o(i.PWR_OverloadWfe)
    __tagsym$$noinline                       0x0800343d   Number         0  stm32f1xx_hal_pwr.o(i.PWR_OverloadWfe)
    i.PendSV_Handler                         0x08003442   Section        0  stm32f1xx_it.o(i.PendSV_Handler)
    i.Power                                  0x08003444   Section        0  main.o(i.Power)
    i.PowerOff                               0x08003520   Section        0  main.o(i.PowerOff)
    i.PowerOn                                0x08003530   Section        0  main.o(i.PowerOn)
    i.Put_Pixel                              0x08003540   Section        0  main.o(i.Put_Pixel)
    i.RTC_ByteToBcd2                         0x08003574   Section        0  stm32f1xx_hal_rtc.o(i.RTC_ByteToBcd2)
    RTC_ByteToBcd2                           0x08003575   Thumb Code    22  stm32f1xx_hal_rtc.o(i.RTC_ByteToBcd2)
    i.RTC_DateUpdate                         0x0800358a   Section        0  stm32f1xx_hal_rtc.o(i.RTC_DateUpdate)
    RTC_DateUpdate                           0x0800358b   Thumb Code   174  stm32f1xx_hal_rtc.o(i.RTC_DateUpdate)
    i.RTC_EnterInitMode                      0x08003638   Section        0  stm32f1xx_hal_rtc.o(i.RTC_EnterInitMode)
    RTC_EnterInitMode                        0x08003639   Thumb Code    52  stm32f1xx_hal_rtc.o(i.RTC_EnterInitMode)
    i.RTC_ExitInitMode                       0x0800366c   Section        0  stm32f1xx_hal_rtc.o(i.RTC_ExitInitMode)
    RTC_ExitInitMode                         0x0800366d   Thumb Code    54  stm32f1xx_hal_rtc.o(i.RTC_ExitInitMode)
    i.RTC_ReadAlarmCounter                   0x080036a2   Section        0  stm32f1xx_hal_rtc.o(i.RTC_ReadAlarmCounter)
    RTC_ReadAlarmCounter                     0x080036a3   Thumb Code    14  stm32f1xx_hal_rtc.o(i.RTC_ReadAlarmCounter)
    i.RTC_ReadTimeCounter                    0x080036b0   Section        0  stm32f1xx_hal_rtc.o(i.RTC_ReadTimeCounter)
    RTC_ReadTimeCounter                      0x080036b1   Thumb Code    32  stm32f1xx_hal_rtc.o(i.RTC_ReadTimeCounter)
    i.RTC_WeekDayNum                         0x080036d0   Section        0  stm32f1xx_hal_rtc.o(i.RTC_WeekDayNum)
    RTC_WeekDayNum                           0x080036d1   Thumb Code    86  stm32f1xx_hal_rtc.o(i.RTC_WeekDayNum)
    i.RTC_WriteAlarmCounter                  0x08003726   Section        0  stm32f1xx_hal_rtc.o(i.RTC_WriteAlarmCounter)
    RTC_WriteAlarmCounter                    0x08003727   Thumb Code    40  stm32f1xx_hal_rtc.o(i.RTC_WriteAlarmCounter)
    i.RTC_WriteTimeCounter                   0x0800374e   Section        0  stm32f1xx_hal_rtc.o(i.RTC_WriteTimeCounter)
    RTC_WriteTimeCounter                     0x0800374f   Thumb Code    40  stm32f1xx_hal_rtc.o(i.RTC_WriteTimeCounter)
    i.ReadTime                               0x08003778   Section        0  main.o(i.ReadTime)
    i.SPI_WaitOnFlagUntilTimeout             0x080037b8   Section        0  stm32f1xx_hal_spi.o(i.SPI_WaitOnFlagUntilTimeout)
    SPI_WaitOnFlagUntilTimeout               0x080037b9   Thumb Code   158  stm32f1xx_hal_spi.o(i.SPI_WaitOnFlagUntilTimeout)
    i.SVC_Handler                            0x08003856   Section        0  stm32f1xx_it.o(i.SVC_Handler)
    i.Send_to_lcd                            0x08003858   Section        0  main.o(i.Send_to_lcd)
    i.SetArea                                0x080038b4   Section        0  main.o(i.SetArea)
    i.SetKey                                 0x080038fc   Section        0  main.o(i.SetKey)
    i.SetRxAddr                              0x0800393c   Section        0  main.o(i.SetRxAddr)
    i.SetTxAddr                              0x08003978   Section        0  main.o(i.SetTxAddr)
    i.ShowSecDots                            0x080039b4   Section        0  main.o(i.ShowSecDots)
    i.SysTick_Handler                        0x080039e0   Section        0  stm32f1xx_it.o(i.SysTick_Handler)
    i.SystemClock_Config                     0x080039ee   Section        0  main.o(i.SystemClock_Config)
    i.SystemInit                             0x08003a78   Section        0  system_stm32f1xx_1.o(i.SystemInit)
    i.TIM1_UP_IRQHandler                     0x08003ac0   Section        0  stm32f1xx_it.o(i.TIM1_UP_IRQHandler)
    i.TIM_Base_SetConfig                     0x08003ad4   Section        0  stm32f1xx_hal_tim.o(i.TIM_Base_SetConfig)
    i.TIM_ETR_SetConfig                      0x08003b38   Section        0  stm32f1xx_hal_tim.o(i.TIM_ETR_SetConfig)
    TIM_ETR_SetConfig                        0x08003b39   Thumb Code    20  stm32f1xx_hal_tim.o(i.TIM_ETR_SetConfig)
    i.TIM_ITRx_SetConfig                     0x08003b4c   Section        0  stm32f1xx_hal_tim.o(i.TIM_ITRx_SetConfig)
    TIM_ITRx_SetConfig                       0x08003b4d   Thumb Code    16  stm32f1xx_hal_tim.o(i.TIM_ITRx_SetConfig)
    i.TIM_TI1_ConfigInputStage               0x08003b5c   Section        0  stm32f1xx_hal_tim.o(i.TIM_TI1_ConfigInputStage)
    TIM_TI1_ConfigInputStage                 0x08003b5d   Thumb Code    34  stm32f1xx_hal_tim.o(i.TIM_TI1_ConfigInputStage)
    i.TIM_TI2_ConfigInputStage               0x08003b7e   Section        0  stm32f1xx_hal_tim.o(i.TIM_TI2_ConfigInputStage)
    TIM_TI2_ConfigInputStage                 0x08003b7f   Thumb Code    36  stm32f1xx_hal_tim.o(i.TIM_TI2_ConfigInputStage)
    i.Tick_1s                                0x08003ba4   Section        0  main.o(i.Tick_1s)
    i.U16ToHEX                               0x08003bc0   Section        0  main.o(i.U16ToHEX)
    i.U32ToHEX                               0x08003bf8   Section        0  main.o(i.U32ToHEX)
    i.U8ToHEX                                0x08003c58   Section        0  main.o(i.U8ToHEX)
    i.U8ToStr                                0x08003c7c   Section        0  main.o(i.U8ToStr)
    i.UsageFault_Handler                     0x08003cba   Section        0  stm32f1xx_it.o(i.UsageFault_Handler)
    i.WriteChannelInfo                       0x08003cbc   Section        0  main.o(i.WriteChannelInfo)
    i.WriteChannelsInfo                      0x08004248   Section        0  main.o(i.WriteChannelsInfo)
    i.WriteDeviceInfo                        0x08004480   Section        0  main.o(i.WriteDeviceInfo)
    i.WriteDevicesMenu                       0x08004548   Section        0  main.o(i.WriteDevicesMenu)
    i.WriteKeyPad                            0x08004630   Section        0  main.o(i.WriteKeyPad)
    i.WriteMenu                              0x080046f0   Section        0  main.o(i.WriteMenu)
    i.WriteSetKeyMenu                        0x08004740   Section        0  main.o(i.WriteSetKeyMenu)
    i.WriteTime                              0x080047c0   Section        0  main.o(i.WriteTime)
    i.WriteVoltage                           0x08004848   Section        0  main.o(i.WriteVoltage)
    i.__scatterload_copy                     0x0800495c   Section       14  handlers.o(i.__scatterload_copy)
    i.__scatterload_null                     0x0800496a   Section        2  handlers.o(i.__scatterload_null)
    i.__scatterload_zeroinit                 0x0800496c   Section       14  handlers.o(i.__scatterload_zeroinit)
    i.clr_irq                                0x0800497c   Section        0  main.o(i.clr_irq)
    i.delay_us                               0x080049b0   Section        0  main.o(i.delay_us)
    i.main                                   0x080049c4   Section        0  main.o(i.main)
    i.malloc                                 0x08004b64   Section        0  malloc.o(i.malloc)
    i.read_fifo_status                       0x08004bd0   Section        0  main.o(i.read_fifo_status)
    i.read_irq                               0x08004c04   Section        0  main.o(i.read_irq)
    i.read_rx                                0x08004c34   Section        0  main.o(i.read_rx)
    i.rx_mode                                0x08004cd4   Section        0  main.o(i.rx_mode)
    i.send_data                              0x08004d20   Section        0  main.o(i.send_data)
    i.soft_delay_ms                          0x08004da4   Section        0  main.o(i.soft_delay_ms)
    i.spi                                    0x08004dbc   Section        0  main.o(i.spi)
    i.tx_mode                                0x08004de4   Section        0  main.o(i.tx_mode)
    .constdata                               0x08004e3c   Section       16  stm32f1xx_hal_rcc.o(.constdata)
    .constdata                               0x08004e4c   Section     4638  main.o(.constdata)
    .data                                    0x20000000   Section        4  system_stm32f1xx_1.o(.data)
    .data                                    0x20000004   Section        4  stm32f1xx_hal.o(.data)
    uwTick                                   0x20000004   Data           4  stm32f1xx_hal.o(.data)
    .data                                    0x20000008   Section        1  stm32f1xx_hal_spi_ex.o(.data)
    .data                                    0x2000000c   Section      985  main.o(.data)
    .data                                    0x200003e8   Section        4  mvars.o(.data)
    .data                                    0x200003ec   Section        4  mvars.o(.data)
    .bss                                     0x200003f0   Section      632  main.o(.bss)
    HEAP                                     0x20000668   Section     3840  startup_stm32f103xb.o(HEAP)
    STACK                                    0x20001568   Section     3840  startup_stm32f103xb.o(STACK)

    Global Symbols

    Symbol Name                              Value     Ov Type        Size  Object(Section)

    BuildAttributes$$THM_ISAv4$P$D$K$B$S$PE$A:L22UL41UL21$X:L11$S22US41US21$IEEE1$IW$USESV6$~STKCKD$USESV7$~SHL$OTIME$ROPI$EBA8$MICROLIB$REQ8$PRES8$EABIv2 0x00000000   Number         0  anon$$obj.o ABSOLUTE
    __ARM_use_no_argv                        0x00000000   Number         0  main.o ABSOLUTE
    __cpp_initialize__aeabi_                  - Undefined Weak Reference
    __cxa_finalize                            - Undefined Weak Reference
    _clock_init                               - Undefined Weak Reference
    _microlib_exit                            - Undefined Weak Reference
    __Vectors_Size                           0x000000ec   Number         0  startup_stm32f103xb.o ABSOLUTE
    __Vectors                                0x08000000   Data           4  startup_stm32f103xb.o(RESET)
    __Vectors_End                            0x080000ec   Data           0  startup_stm32f103xb.o(RESET)
    __main                                   0x080000ed   Thumb Code     0  entry.o(.ARM.Collect$$$$00000000)
    _main_stk                                0x080000ed   Thumb Code     0  entry2.o(.ARM.Collect$$$$00000001)
    _main_scatterload                        0x080000f1   Thumb Code     0  entry5.o(.ARM.Collect$$$$00000004)
    __main_after_scatterload                 0x080000f5   Thumb Code     0  entry5.o(.ARM.Collect$$$$00000004)
    _main_clock                              0x080000f5   Thumb Code     0  entry7b.o(.ARM.Collect$$$$00000008)
    _main_cpp_init                           0x080000f5   Thumb Code     0  entry8b.o(.ARM.Collect$$$$0000000A)
    _main_init                               0x080000f5   Thumb Code     0  entry9a.o(.ARM.Collect$$$$0000000B)
    __rt_final_cpp                           0x080000fd   Thumb Code     0  entry10a.o(.ARM.Collect$$$$0000000D)
    __rt_final_exit                          0x080000fd   Thumb Code     0  entry11a.o(.ARM.Collect$$$$0000000F)
    Reset_Handler                            0x08000101   Thumb Code     8  startup_stm32f103xb.o(.text)
    ADC1_2_IRQHandler                        0x0800011b   Thumb Code     0  startup_stm32f103xb.o(.text)
    CAN1_RX1_IRQHandler                      0x0800011b   Thumb Code     0  startup_stm32f103xb.o(.text)
    CAN1_SCE_IRQHandler                      0x0800011b   Thumb Code     0  startup_stm32f103xb.o(.text)
    DMA1_Channel1_IRQHandler                 0x0800011b   Thumb Code     0  startup_stm32f103xb.o(.text)
    DMA1_Channel2_IRQHandler                 0x0800011b   Thumb Code     0  startup_stm32f103xb.o(.text)
    DMA1_Channel3_IRQHandler                 0x0800011b   Thumb Code     0  startup_stm32f103xb.o(.text)
    DMA1_Channel4_IRQHandler                 0x0800011b   Thumb Code     0  startup_stm32f103xb.o(.text)
    DMA1_Channel5_IRQHandler                 0x0800011b   Thumb Code     0  startup_stm32f103xb.o(.text)
    DMA1_Channel6_IRQHandler                 0x0800011b   Thumb Code     0  startup_stm32f103xb.o(.text)
    DMA1_Channel7_IRQHandler                 0x0800011b   Thumb Code     0  startup_stm32f103xb.o(.text)
    EXTI1_IRQHandler                         0x0800011b   Thumb Code     0  startup_stm32f103xb.o(.text)
    EXTI2_IRQHandler                         0x0800011b   Thumb Code     0  startup_stm32f103xb.o(.text)
    EXTI3_IRQHandler                         0x0800011b   Thumb Code     0  startup_stm32f103xb.o(.text)
    EXTI4_IRQHandler                         0x0800011b   Thumb Code     0  startup_stm32f103xb.o(.text)
    FLASH_IRQHandler                         0x0800011b   Thumb Code     0  startup_stm32f103xb.o(.text)
    I2C1_ER_IRQHandler                       0x0800011b   Thumb Code     0  startup_stm32f103xb.o(.text)
    I2C1_EV_IRQHandler                       0x0800011b   Thumb Code     0  startup_stm32f103xb.o(.text)
    I2C2_ER_IRQHandler                       0x0800011b   Thumb Code     0  startup_stm32f103xb.o(.text)
    I2C2_EV_IRQHandler                       0x0800011b   Thumb Code     0  startup_stm32f103xb.o(.text)
    PVD_IRQHandler                           0x0800011b   Thumb Code     0  startup_stm32f103xb.o(.text)
    RCC_IRQHandler                           0x0800011b   Thumb Code     0  startup_stm32f103xb.o(.text)
    RTC_Alarm_IRQHandler                     0x0800011b   Thumb Code     0  startup_stm32f103xb.o(.text)
    RTC_IRQHandler                           0x0800011b   Thumb Code     0  startup_stm32f103xb.o(.text)
    SPI1_IRQHandler                          0x0800011b   Thumb Code     0  startup_stm32f103xb.o(.text)
    SPI2_IRQHandler                          0x0800011b   Thumb Code     0  startup_stm32f103xb.o(.text)
    TAMPER_IRQHandler                        0x0800011b   Thumb Code     0  startup_stm32f103xb.o(.text)
    TIM1_BRK_IRQHandler                      0x0800011b   Thumb Code     0  startup_stm32f103xb.o(.text)
    TIM1_CC_IRQHandler                       0x0800011b   Thumb Code     0  startup_stm32f103xb.o(.text)
    TIM1_TRG_COM_IRQHandler                  0x0800011b   Thumb Code     0  startup_stm32f103xb.o(.text)
    TIM2_IRQHandler                          0x0800011b   Thumb Code     0  startup_stm32f103xb.o(.text)
    TIM3_IRQHandler                          0x0800011b   Thumb Code     0  startup_stm32f103xb.o(.text)
    TIM4_IRQHandler                          0x0800011b   Thumb Code     0  startup_stm32f103xb.o(.text)
    USART1_IRQHandler                        0x0800011b   Thumb Code     0  startup_stm32f103xb.o(.text)
    USART2_IRQHandler                        0x0800011b   Thumb Code     0  startup_stm32f103xb.o(.text)
    USART3_IRQHandler                        0x0800011b   Thumb Code     0  startup_stm32f103xb.o(.text)
    USBWakeUp_IRQHandler                     0x0800011b   Thumb Code     0  startup_stm32f103xb.o(.text)
    USB_HP_CAN1_TX_IRQHandler                0x0800011b   Thumb Code     0  startup_stm32f103xb.o(.text)
    USB_LP_CAN1_RX0_IRQHandler               0x0800011b   Thumb Code     0  startup_stm32f103xb.o(.text)
    WWDG_IRQHandler                          0x0800011b   Thumb Code     0  startup_stm32f103xb.o(.text)
    __aeabi_llsr                             0x08000125   Thumb Code    32  llushr.o(.text)
    _ll_ushift_r                             0x08000125   Thumb Code     0  llushr.o(.text)
    strlen                                   0x08000145   Thumb Code    14  strlen.o(.text)
    __aeabi_dmul                             0x08000153   Thumb Code   228  dmul.o(.text)
    __aeabi_ddiv                             0x08000237   Thumb Code   222  ddiv.o(.text)
    __ARM_scalbn                             0x08000315   Thumb Code    46  dscalb.o(.text)
    scalbn                                   0x08000315   Thumb Code     0  dscalb.o(.text)
    __aeabi_ui2f                             0x08000343   Thumb Code    10  ffltui.o(.text)
    __aeabi_f2uiz                            0x0800034d   Thumb Code    40  ffixui.o(.text)
    __aeabi_d2uiz                            0x08000375   Thumb Code    50  dfixui.o(.text)
    __aeabi_f2d                              0x080003a7   Thumb Code    38  f2d.o(.text)
    __I$use$fp                               0x080003cd   Thumb Code     0  iusefp.o(.text)
    _float_round                             0x080003cd   Thumb Code    18  fepilogue.o(.text)
    _float_epilogue                          0x080003df   Thumb Code    92  fepilogue.o(.text)
    _double_round                            0x0800043b   Thumb Code    30  depilogue.o(.text)
    _double_epilogue                         0x08000459   Thumb Code   156  depilogue.o(.text)
    __scatterload                            0x080004f5   Thumb Code    28  init.o(.text)
    __scatterload_rt2                        0x080004f5   Thumb Code     0  init.o(.text)
    __aeabi_llsl                             0x08000519   Thumb Code    30  llshl.o(.text)
    _ll_shift_l                              0x08000519   Thumb Code     0  llshl.o(.text)
    __decompress                             0x08000537   Thumb Code     0  __dclz77c.o(.text)
    __decompress2                            0x08000537   Thumb Code    94  __dclz77c.o(.text)
    ADC_ConversionStop_Disable               0x08000595   Thumb Code    76  stm32f1xx_hal_adc.o(i.ADC_ConversionStop_Disable)
    ADC_Enable                               0x080005e1   Thumb Code   104  stm32f1xx_hal_adc.o(i.ADC_Enable)
    BusFault_Handler                         0x08000651   Thumb Code     2  stm32f1xx_it.o(i.BusFault_Handler)
    ChannelInfo                              0x08000655   Thumb Code    98  main.o(i.ChannelInfo)
    DebugMon_Handler                         0x080006c1   Thumb Code     2  stm32f1xx_it.o(i.DebugMon_Handler)
    DeviceInfo                               0x080006c5   Thumb Code   152  main.o(i.DeviceInfo)
    DevicesMenu                              0x08000765   Thumb Code   132  main.o(i.DevicesMenu)
    EXTI0_IRQHandler                         0x080007f1   Thumb Code    24  stm32f1xx_it.o(i.EXTI0_IRQHandler)
    EXTI15_10_IRQHandler                     0x0800080d   Thumb Code    26  stm32f1xx_it.o(i.EXTI15_10_IRQHandler)
    EXTI9_5_IRQHandler                       0x08000827   Thumb Code    26  stm32f1xx_it.o(i.EXTI9_5_IRQHandler)
    FindDevicesMenu                          0x08000841   Thumb Code    20  main.o(i.FindDevicesMenu)
    GetChannelDesc                           0x08000855   Thumb Code    40  main.o(i.GetChannelDesc)
    GetDeviceByID                            0x0800087d   Thumb Code    46  main.o(i.GetDeviceByID)
    GetInUmV                                 0x080008b1   Thumb Code    66  main.o(i.GetInUmV)
    GetKey                                   0x08000911   Thumb Code    46  main.o(i.GetKey)
    HAL_ADC_ConfigChannel                    0x08000945   Thumb Code   346  stm32f1xx_hal_adc.o(i.HAL_ADC_ConfigChannel)
    HAL_ADC_Init                             0x08000aad   Thumb Code   300  stm32f1xx_hal_adc.o(i.HAL_ADC_Init)
    HAL_ADC_MspInit                          0x08000be1   Thumb Code    50  stm32f1xx_hal_msp_1.o(i.HAL_ADC_MspInit)
    HAL_ADC_Start                            0x08000c21   Thumb Code   184  stm32f1xx_hal_adc.o(i.HAL_ADC_Start)
    HAL_ADC_Stop_IT                          0x08000ce1   Thumb Code    62  stm32f1xx_hal_adc.o(i.HAL_ADC_Stop_IT)
    HAL_Delay                                0x08000d1f   Thumb Code    22  stm32f1xx_hal.o(i.HAL_Delay)
    HAL_GPIO_EXTI_Callback                   0x08000d35   Thumb Code     2  stm32f1xx_hal_gpio.o(i.HAL_GPIO_EXTI_Callback)
    HAL_GPIO_EXTI_IRQHandler                 0x08000d39   Thumb Code    18  stm32f1xx_hal_gpio.o(i.HAL_GPIO_EXTI_IRQHandler)
    HAL_GPIO_Init                            0x08000d51   Thumb Code   408  stm32f1xx_hal_gpio.o(i.HAL_GPIO_Init)
    HAL_GPIO_ReadPin                         0x08000f0d   Thumb Code    10  stm32f1xx_hal_gpio.o(i.HAL_GPIO_ReadPin)
    HAL_GPIO_WritePin                        0x08000f17   Thumb Code    10  stm32f1xx_hal_gpio.o(i.HAL_GPIO_WritePin)
    HAL_GetTick                              0x08000f21   Thumb Code     6  stm32f1xx_hal.o(i.HAL_GetTick)
    HAL_I2C_Init                             0x08000f2d   Thumb Code   216  stm32f1xx_hal_i2c.o(i.HAL_I2C_Init)
    HAL_I2C_MspInit                          0x0800100d   Thumb Code    66  stm32f1xx_hal_msp_1.o(i.HAL_I2C_MspInit)
    HAL_IncTick                              0x08001061   Thumb Code    10  stm32f1xx_hal.o(i.HAL_IncTick)
    HAL_Init                                 0x08001071   Thumb Code    32  stm32f1xx_hal.o(i.HAL_Init)
    HAL_InitTick                             0x08001095   Thumb Code    34  stm32f1xx_hal.o(i.HAL_InitTick)
    HAL_MspInit                              0x080010b9   Thumb Code   118  stm32f1xx_hal_msp_1.o(i.HAL_MspInit)
    HAL_NVIC_EnableIRQ                       0x08001139   Thumb Code    22  stm32f1xx_hal_cortex.o(i.HAL_NVIC_EnableIRQ)
    HAL_NVIC_SetPriority                     0x08001151   Thumb Code    60  stm32f1xx_hal_cortex.o(i.HAL_NVIC_SetPriority)
    HAL_NVIC_SetPriorityGrouping             0x08001191   Thumb Code    26  stm32f1xx_hal_cortex.o(i.HAL_NVIC_SetPriorityGrouping)
    HAL_PWR_EnableBkUpAccess                 0x080011b5   Thumb Code    20  stm32f1xx_hal_pwr.o(i.HAL_PWR_EnableBkUpAccess)
    HAL_PWR_EnterSTOPMode                    0x080011cd   Thumb Code    60  stm32f1xx_hal_pwr.o(i.HAL_PWR_EnterSTOPMode)
    HAL_RCCEx_GetPeriphCLKFreq               0x08001211   Thumb Code   206  stm32f1xx_hal_rcc_ex.o(i.HAL_RCCEx_GetPeriphCLKFreq)
    HAL_RCCEx_PeriphCLKConfig                0x08001305   Thumb Code   282  stm32f1xx_hal_rcc_ex.o(i.HAL_RCCEx_PeriphCLKConfig)
    HAL_RCC_ClockConfig                      0x0800142d   Thumb Code   638  stm32f1xx_hal_rcc.o(i.HAL_RCC_ClockConfig)
    HAL_RCC_GetHCLKFreq                      0x080016b5   Thumb Code    38  stm32f1xx_hal_rcc.o(i.HAL_RCC_GetHCLKFreq)
    HAL_RCC_GetPCLK1Freq                     0x080016e9   Thumb Code    36  stm32f1xx_hal_rcc.o(i.HAL_RCC_GetPCLK1Freq)
    HAL_RCC_GetPCLK2Freq                     0x08001715   Thumb Code    36  stm32f1xx_hal_rcc.o(i.HAL_RCC_GetPCLK2Freq)
    HAL_RCC_GetSysClockFreq                  0x08001741   Thumb Code   106  stm32f1xx_hal_rcc.o(i.HAL_RCC_GetSysClockFreq)
    HAL_RCC_OscConfig                        0x080017cd   Thumb Code  1586  stm32f1xx_hal_rcc.o(i.HAL_RCC_OscConfig)
    HAL_RTC_GetTime                          0x08001dff   Thumb Code   216  stm32f1xx_hal_rtc.o(i.HAL_RTC_GetTime)
    HAL_RTC_Init                             0x08001ed9   Thumb Code   154  stm32f1xx_hal_rtc.o(i.HAL_RTC_Init)
    HAL_RTC_MspInit                          0x08001f79   Thumb Code    56  stm32f1xx_hal_msp_1.o(i.HAL_RTC_MspInit)
    HAL_RTC_WaitForSynchro                   0x08001fbd   Thumb Code    58  stm32f1xx_hal_rtc.o(i.HAL_RTC_WaitForSynchro)
    HAL_SPI_Init                             0x08001ff9   Thumb Code   132  stm32f1xx_hal_spi_ex.o(i.HAL_SPI_Init)
    HAL_SPI_MspInit                          0x08002081   Thumb Code   122  stm32f1xx_hal_msp_1.o(i.HAL_SPI_MspInit)
    HAL_SPI_TransmitReceive                  0x08002111   Thumb Code   690  stm32f1xx_hal_spi.o(i.HAL_SPI_TransmitReceive)
    HAL_SYSTICK_CLKSourceConfig              0x080023c3   Thumb Code    24  stm32f1xx_hal_cortex.o(i.HAL_SYSTICK_CLKSourceConfig)
    HAL_SYSTICK_Callback                     0x080023db   Thumb Code     2  stm32f1xx_hal_cortex.o(i.HAL_SYSTICK_Callback)
    HAL_SYSTICK_Config                       0x080023dd   Thumb Code    40  stm32f1xx_hal_cortex.o(i.HAL_SYSTICK_Config)
    HAL_SYSTICK_IRQHandler                   0x08002405   Thumb Code     8  stm32f1xx_hal_cortex.o(i.HAL_SYSTICK_IRQHandler)
    HAL_TIMEx_BreakCallback                  0x0800240d   Thumb Code     2  stm32f1xx_hal_tim_ex.o(i.HAL_TIMEx_BreakCallback)
    HAL_TIMEx_CommutationCallback            0x0800240f   Thumb Code     2  stm32f1xx_hal_tim_ex.o(i.HAL_TIMEx_CommutationCallback)
    HAL_TIMEx_MasterConfigSynchronization    0x08002411   Thumb Code    80  stm32f1xx_hal_tim_ex.o(i.HAL_TIMEx_MasterConfigSynchronization)
    HAL_TIM_Base_Init                        0x08002461   Thumb Code    54  stm32f1xx_hal_tim.o(i.HAL_TIM_Base_Init)
    HAL_TIM_Base_MspInit                     0x08002499   Thumb Code    50  stm32f1xx_hal_msp_1.o(i.HAL_TIM_Base_MspInit)
    HAL_TIM_Base_Start_IT                    0x080024d5   Thumb Code    24  stm32f1xx_hal_tim.o(i.HAL_TIM_Base_Start_IT)
    HAL_TIM_Base_Stop_IT                     0x080024ed   Thumb Code    42  stm32f1xx_hal_tim.o(i.HAL_TIM_Base_Stop_IT)
    HAL_TIM_ConfigClockSource                0x08002517   Thumb Code   242  stm32f1xx_hal_tim.o(i.HAL_TIM_ConfigClockSource)
    HAL_TIM_IC_CaptureCallback               0x08002609   Thumb Code     2  stm32f1xx_hal_tim.o(i.HAL_TIM_IC_CaptureCallback)
    HAL_TIM_IRQHandler                       0x0800260b   Thumb Code   358  stm32f1xx_hal_tim.o(i.HAL_TIM_IRQHandler)
    HAL_TIM_OC_DelayElapsedCallback          0x08002771   Thumb Code     2  stm32f1xx_hal_tim.o(i.HAL_TIM_OC_DelayElapsedCallback)
    HAL_TIM_PWM_PulseFinishedCallback        0x08002773   Thumb Code     2  stm32f1xx_hal_tim.o(i.HAL_TIM_PWM_PulseFinishedCallback)
    HAL_TIM_PeriodElapsedCallback            0x08002775   Thumb Code     2  stm32f1xx_hal_tim.o(i.HAL_TIM_PeriodElapsedCallback)
    HAL_TIM_TriggerCallback                  0x08002777   Thumb Code     2  stm32f1xx_hal_tim.o(i.HAL_TIM_TriggerCallback)
    HardFault_Handler                        0x08002779   Thumb Code     2  stm32f1xx_it.o(i.HardFault_Handler)
    InitAll                                  0x0800277d   Thumb Code   192  main.o(i.InitAll)
    KeyPadMenu                               0x0800285d   Thumb Code   144  main.o(i.KeyPadMenu)
    KeyPadRead                               0x080028f5   Thumb Code   342  main.o(i.KeyPadRead)
    KeyPresed                                0x08002a59   Thumb Code    38  main.o(i.KeyPresed)
    LCD_DrawLine                             0x08002a7f   Thumb Code   184  main.o(i.LCD_DrawLine)
    LCD_DrawRect                             0x08002b37   Thumb Code   118  main.o(i.LCD_DrawRect)
    LCD_FillRect                             0x08002bad   Thumb Code    86  main.o(i.LCD_FillRect)
    LCD_FillScreen                           0x08002c0d   Thumb Code   114  main.o(i.LCD_FillScreen)
    LCD_Put24                                0x08002c89   Thumb Code   126  main.o(i.LCD_Put24)
    LCD_Put24Digit                           0x08002d2d   Thumb Code   128  main.o(i.LCD_Put24Digit)
    LCD_Putchar                              0x08002db1   Thumb Code   124  main.o(i.LCD_Putchar)
    LCD_Puts                                 0x08002e31   Thumb Code    54  main.o(i.LCD_Puts)
    LCD_Write_Image_RLE_ColorBar             0x08002e69   Thumb Code    92  main.o(i.LCD_Write_Image_RLE_ColorBar)
    LCD_init                                 0x08002ec9   Thumb Code   112  main.o(i.LCD_init)
    LcdWD                                    0x08002f3d   Thumb Code    16  main.o(i.LcdWD)
    MemManage_Handler                        0x080031a9   Thumb Code     2  stm32f1xx_it.o(i.MemManage_Handler)
    Menu                                     0x080031ad   Thumb Code   154  main.o(i.Menu)
    NMI_Handler                              0x0800324d   Thumb Code     2  stm32f1xx_it.o(i.NMI_Handler)
    NRF24L01_IRQ                             0x08003251   Thumb Code    62  main.o(i.NRF24L01_IRQ)
    NRF24L01_PowerDown                       0x0800329d   Thumb Code    60  main.o(i.NRF24L01_PowerDown)
    NRF24L01_init                            0x080032e1   Thumb Code   310  main.o(i.NRF24L01_init)
    PendSV_Handler                           0x08003443   Thumb Code     2  stm32f1xx_it.o(i.PendSV_Handler)
    Power                                    0x08003445   Thumb Code   184  main.o(i.Power)
    PowerOff                                 0x08003521   Thumb Code    12  main.o(i.PowerOff)
    PowerOn                                  0x08003531   Thumb Code    10  main.o(i.PowerOn)
    Put_Pixel                                0x08003541   Thumb Code    46  main.o(i.Put_Pixel)
    ReadTime                                 0x08003779   Thumb Code    54  main.o(i.ReadTime)
    SVC_Handler                              0x08003857   Thumb Code     2  stm32f1xx_it.o(i.SVC_Handler)
    Send_to_lcd                              0x08003859   Thumb Code    80  main.o(i.Send_to_lcd)
    SetArea                                  0x080038b5   Thumb Code    72  main.o(i.SetArea)
    SetKey                                   0x080038fd   Thumb Code    60  main.o(i.SetKey)
    SetRxAddr                                0x0800393d   Thumb Code    54  main.o(i.SetRxAddr)
    SetTxAddr                                0x08003979   Thumb Code    54  main.o(i.SetTxAddr)
    ShowSecDots                              0x080039b5   Thumb Code    38  main.o(i.ShowSecDots)
    SysTick_Handler                          0x080039e1   Thumb Code    14  stm32f1xx_it.o(i.SysTick_Handler)
    SystemClock_Config                       0x080039ef   Thumb Code   136  main.o(i.SystemClock_Config)
    SystemInit                               0x08003a79   Thumb Code    56  system_stm32f1xx_1.o(i.SystemInit)
    TIM1_UP_IRQHandler                       0x08003ac1   Thumb Code    16  stm32f1xx_it.o(i.TIM1_UP_IRQHandler)
    TIM_Base_SetConfig                       0x08003ad5   Thumb Code    86  stm32f1xx_hal_tim.o(i.TIM_Base_SetConfig)
    Tick_1s                                  0x08003ba5   Thumb Code    24  main.o(i.Tick_1s)
    U16ToHEX                                 0x08003bc1   Thumb Code    50  main.o(i.U16ToHEX)
    U32ToHEX                                 0x08003bf9   Thumb Code    90  main.o(i.U32ToHEX)
    U8ToHEX                                  0x08003c59   Thumb Code    36  main.o(i.U8ToHEX)
    U8ToStr                                  0x08003c7d   Thumb Code    62  main.o(i.U8ToStr)
    UsageFault_Handler                       0x08003cbb   Thumb Code     2  stm32f1xx_it.o(i.UsageFault_Handler)
    WriteChannelInfo                         0x08003cbd   Thumb Code  1384  main.o(i.WriteChannelInfo)
    WriteChannelsInfo                        0x08004249   Thumb Code   486  main.o(i.WriteChannelsInfo)
    WriteDeviceInfo                          0x08004481   Thumb Code   158  main.o(i.WriteDeviceInfo)
    WriteDevicesMenu                         0x08004549   Thumb Code   228  main.o(i.WriteDevicesMenu)
    WriteKeyPad                              0x08004631   Thumb Code   176  main.o(i.WriteKeyPad)
    WriteMenu                                0x080046f1   Thumb Code    74  main.o(i.WriteMenu)
    WriteSetKeyMenu                          0x08004741   Thumb Code   110  main.o(i.WriteSetKeyMenu)
    WriteTime                                0x080047c1   Thumb Code   136  main.o(i.WriteTime)
    WriteVoltage                             0x08004849   Thumb Code   264  main.o(i.WriteVoltage)
    __scatterload_copy                       0x0800495d   Thumb Code    14  handlers.o(i.__scatterload_copy)
    __scatterload_null                       0x0800496b   Thumb Code     2  handlers.o(i.__scatterload_null)
    __scatterload_zeroinit                   0x0800496d   Thumb Code    14  handlers.o(i.__scatterload_zeroinit)
    clr_irq                                  0x0800497d   Thumb Code    46  main.o(i.clr_irq)
    delay_us                                 0x080049b1   Thumb Code    18  main.o(i.delay_us)
    main                                     0x080049c5   Thumb Code   388  main.o(i.main)
    malloc                                   0x08004b65   Thumb Code    92  malloc.o(i.malloc)
    read_fifo_status                         0x08004bd1   Thumb Code    46  main.o(i.read_fifo_status)
    read_irq                                 0x08004c05   Thumb Code    42  main.o(i.read_irq)
    read_rx                                  0x08004c35   Thumb Code   154  main.o(i.read_rx)
    rx_mode                                  0x08004cd5   Thumb Code    68  main.o(i.rx_mode)
    send_data                                0x08004d21   Thumb Code   124  main.o(i.send_data)
    soft_delay_ms                            0x08004da5   Thumb Code    24  main.o(i.soft_delay_ms)
    spi                                      0x08004dbd   Thumb Code    30  main.o(i.spi)
    tx_mode                                  0x08004de5   Thumb Code    78  main.o(i.tx_mode)
    aAPBAHBPrescTable                        0x08004e3c   Data          16  stm32f1xx_hal_rcc.o(.constdata)
    Bat1_ColorBar                            0x08004e4c   Data           4  main.o(.constdata)
    SS                                       0x08004e50   Data           8  main.o(.constdata)
    ascii_8x16                               0x08004e58   Data        1536  main.o(.constdata)
    S0                                       0x08005458   Data         336  main.o(.constdata)
    S1                                       0x080055a8   Data         142  main.o(.constdata)
    S2                                       0x08005636   Data         308  main.o(.constdata)
    S3                                       0x0800576a   Data         308  main.o(.constdata)
    S4                                       0x0800589e   Data         252  main.o(.constdata)
    S5                                       0x0800599a   Data         308  main.o(.constdata)
    S6                                       0x08005ace   Data         336  main.o(.constdata)
    S7                                       0x08005c1e   Data         196  main.o(.constdata)
    S8                                       0x08005ce2   Data         364  main.o(.constdata)
    S9                                       0x08005e4e   Data         336  main.o(.constdata)
    S_Dot                                    0x08005f9e   Data          58  main.o(.constdata)
    Bat1                                     0x08005fd8   Data         146  main.o(.constdata)
    Region$$Table$$Base                      0x0800606c   Number         0  anon$$obj.o(Region$$Table)
    Region$$Table$$Limit                     0x0800608c   Number         0  anon$$obj.o(Region$$Table)
    SystemCoreClock                          0x20000000   Data           4  system_stm32f1xx_1.o(.data)
    uCRCErrorWorkaroundCheck                 0x20000008   Data           1  stm32f1xx_hal_spi_ex.o(.data)
    state                                    0x2000000c   Data           1  main.o(.data)
    NRF24L01_TX_RUN                          0x2000000d   Data           1  main.o(.data)
    NRF24L01_RX                              0x2000000e   Data           1  main.o(.data)
    NRF24L01_TX                              0x2000000f   Data           1  main.o(.data)
    HackModeState                            0x20000010   Data           1  main.o(.data)
    PowerDownTimeCounter                     0x20000011   Data           1  main.o(.data)
    PowerDown                                0x20000012   Data           1  main.o(.data)
    PowerDownNow                             0x20000013   Data           1  main.o(.data)
    SelectedMenuPos                          0x20000014   Data           1  main.o(.data)
    PressedButton                            0x20000015   Data           1  main.o(.data)
    SecDotsShow                              0x20000016   Data           1  main.o(.data)
    RS_old                                   0x20000017   Data           1  main.o(.data)
    data                                     0x20000018   Data           1  main.o(.data)
    InUmV                                    0x2000001a   Data           2  main.o(.data)
    FonColor                                 0x2000001c   Data           2  main.o(.data)
    TextColor                                0x2000001e   Data           2  main.o(.data)
    Time                                     0x20000020   Data           3  main.o(.data)
    U8ToU16                                  0x20000024   Data           4  main.o(.data)
    U8ToU32                                  0x20000028   Data           4  main.o(.data)
    U32ToU8                                  0x2000002c   Data           4  main.o(.data)
    U16ToU8                                  0x20000030   Data           4  main.o(.data)
    U8ToF                                    0x20000034   Data           4  main.o(.data)
    Addr                                     0x20000038   Data           5  main.o(.data)
    font_5x8                                 0x2000003d   Data         800  main.o(.data)
    options                                  0x2000035d   Data         136  main.o(.data)
    __microlib_freelist                      0x200003e8   Data           4  mvars.o(.data)
    __microlib_freelist_initialised          0x200003ec   Data           4  mvars.o(.data)
    buffer                                   0x200003f0   Data          33  main.o(.bss)
    hadc1                                    0x20000414   Data          48  main.o(.bss)
    hi2c1                                    0x20000444   Data          60  main.o(.bss)
    hrtc                                     0x20000480   Data          20  main.o(.bss)
    hspi1                                    0x20000494   Data          88  main.o(.bss)
    hspi2                                    0x200004ec   Data          88  main.o(.bss)
    htim1                                    0x20000544   Data          60  main.o(.bss)
    Devices                                  0x20000580   Data          64  main.o(.bss)
    TempDevices                              0x200005c0   Data          64  main.o(.bss)
    Keys                                     0x20000600   Data         104  main.o(.bss)
    __heap_base                              0x20000668   Data           0  startup_stm32f103xb.o(HEAP)
    __heap_limit                             0x20001568   Data           0  startup_stm32f103xb.o(HEAP)
    __initial_sp                             0x20002468   Data           0  startup_stm32f103xb.o(STACK)



==============================================================================

Memory Map of the image

  Image Entry point : 0x080000ed

  Load Region LR_IROM1 (Base: 0x08000000, Size: 0x0000647c, Max: 0x00010000, ABSOLUTE, COMPRESSED[0x00006380])

    Execution Region ER_IROM1 (Base: 0x08000000, Size: 0x0000608c, Max: 0x00010000, ABSOLUTE)

    Base Addr    Size         Type   Attr      Idx    E Section Name        Object

    0x08000000   0x000000ec   Data   RO         3034    RESET               startup_stm32f103xb.o
    0x080000ec   0x00000000   Code   RO         3838  * .ARM.Collect$$$$00000000  mc_w.l(entry.o)
    0x080000ec   0x00000004   Code   RO         3887    .ARM.Collect$$$$00000001  mc_w.l(entry2.o)
    0x080000f0   0x00000004   Code   RO         3890    .ARM.Collect$$$$00000004  mc_w.l(entry5.o)
    0x080000f4   0x00000000   Code   RO         3892    .ARM.Collect$$$$00000008  mc_w.l(entry7b.o)
    0x080000f4   0x00000000   Code   RO         3894    .ARM.Collect$$$$0000000A  mc_w.l(entry8b.o)
    0x080000f4   0x00000008   Code   RO         3895    .ARM.Collect$$$$0000000B  mc_w.l(entry9a.o)
    0x080000fc   0x00000000   Code   RO         3897    .ARM.Collect$$$$0000000D  mc_w.l(entry10a.o)
    0x080000fc   0x00000000   Code   RO         3899    .ARM.Collect$$$$0000000F  mc_w.l(entry11a.o)
    0x080000fc   0x00000004   Code   RO         3888    .ARM.Collect$$$$00002712  mc_w.l(entry2.o)
    0x08000100   0x00000024   Code   RO         3035    .text               startup_stm32f103xb.o
    0x08000124   0x00000020   Code   RO         3841    .text               mc_w.l(llushr.o)
    0x08000144   0x0000000e   Code   RO         3843    .text               mc_w.l(strlen.o)
    0x08000152   0x000000e4   Code   RO         3873    .text               mf_w.l(dmul.o)
    0x08000236   0x000000de   Code   RO         3875    .text               mf_w.l(ddiv.o)
    0x08000314   0x0000002e   Code   RO         3877    .text               mf_w.l(dscalb.o)
    0x08000342   0x0000000a   Code   RO         3879    .text               mf_w.l(ffltui.o)
    0x0800034c   0x00000028   Code   RO         3881    .text               mf_w.l(ffixui.o)
    0x08000374   0x00000032   Code   RO         3883    .text               mf_w.l(dfixui.o)
    0x080003a6   0x00000026   Code   RO         3885    .text               mf_w.l(f2d.o)
    0x080003cc   0x00000000   Code   RO         3907    .text               mc_w.l(iusefp.o)
    0x080003cc   0x0000006e   Code   RO         3908    .text               mf_w.l(fepilogue.o)
    0x0800043a   0x000000ba   Code   RO         3910    .text               mf_w.l(depilogue.o)
    0x080004f4   0x00000024   Code   RO         3912    .text               mc_w.l(init.o)
    0x08000518   0x0000001e   Code   RO         3914    .text               mc_w.l(llshl.o)
    0x08000536   0x0000005e   Code   RO         3924    .text               mc_w.l(__dclz77c.o)
    0x08000594   0x0000004c   Code   RO          140    i.ADC_ConversionStop_Disable  stm32f1xx_hal_adc.o
    0x080005e0   0x00000070   Code   RO          144    i.ADC_Enable        stm32f1xx_hal_adc.o
    0x08000650   0x00000002   Code   RO         3657    i.BusFault_Handler  stm32f1xx_it.o
    0x08000652   0x00000002   PAD
    0x08000654   0x0000006c   Code   RO         3042    i.ChannelInfo       main.o
    0x080006c0   0x00000002   Code   RO         3658    i.DebugMon_Handler  stm32f1xx_it.o
    0x080006c2   0x00000002   PAD
    0x080006c4   0x000000a0   Code   RO         3043    i.DeviceInfo        main.o
    0x08000764   0x0000008c   Code   RO         3044    i.DevicesMenu       main.o
    0x080007f0   0x0000001c   Code   RO         3659    i.EXTI0_IRQHandler  stm32f1xx_it.o
    0x0800080c   0x0000001a   Code   RO         3660    i.EXTI15_10_IRQHandler  stm32f1xx_it.o
    0x08000826   0x0000001a   Code   RO         3661    i.EXTI9_5_IRQHandler  stm32f1xx_it.o
    0x08000840   0x00000014   Code   RO         3048    i.FindDevicesMenu   main.o
    0x08000854   0x00000028   Code   RO         3049    i.GetChannelDesc    main.o
    0x0800087c   0x00000034   Code   RO         3050    i.GetDeviceByID     main.o
    0x080008b0   0x00000060   Code   RO         3051    i.GetInUmV          main.o
    0x08000910   0x00000034   Code   RO         3052    i.GetKey            main.o
    0x08000944   0x00000168   Code   RO          146    i.HAL_ADC_ConfigChannel  stm32f1xx_hal_adc.o
    0x08000aac   0x00000134   Code   RO          155    i.HAL_ADC_Init      stm32f1xx_hal_adc.o
    0x08000be0   0x00000040   Code   RO         3758    i.HAL_ADC_MspInit   stm32f1xx_hal_msp_1.o
    0x08000c20   0x000000c0   Code   RO          161    i.HAL_ADC_Start     stm32f1xx_hal_adc.o
    0x08000ce0   0x0000003e   Code   RO          166    i.HAL_ADC_Stop_IT   stm32f1xx_hal_adc.o
    0x08000d1e   0x00000016   Code   RO         2110    i.HAL_Delay         stm32f1xx_hal.o
    0x08000d34   0x00000002   Code   RO         2970    i.HAL_GPIO_EXTI_Callback  stm32f1xx_hal_gpio.o
    0x08000d36   0x00000002   PAD
    0x08000d38   0x00000018   Code   RO         2971    i.HAL_GPIO_EXTI_IRQHandler  stm32f1xx_hal_gpio.o
    0x08000d50   0x000001bc   Code   RO         2972    i.HAL_GPIO_Init     stm32f1xx_hal_gpio.o
    0x08000f0c   0x0000000a   Code   RO         2974    i.HAL_GPIO_ReadPin  stm32f1xx_hal_gpio.o
    0x08000f16   0x0000000a   Code   RO         2976    i.HAL_GPIO_WritePin  stm32f1xx_hal_gpio.o
    0x08000f20   0x0000000c   Code   RO         2114    i.HAL_GetTick       stm32f1xx_hal.o
    0x08000f2c   0x000000e0   Code   RO         1792    i.HAL_I2C_Init      stm32f1xx_hal_i2c.o
    0x0800100c   0x00000054   Code   RO         3760    i.HAL_I2C_MspInit   stm32f1xx_hal_msp_1.o
    0x08001060   0x00000010   Code   RO         2115    i.HAL_IncTick       stm32f1xx_hal.o
    0x08001070   0x00000024   Code   RO         2116    i.HAL_Init          stm32f1xx_hal.o
    0x08001094   0x00000022   Code   RO         2117    i.HAL_InitTick      stm32f1xx_hal.o
    0x080010b6   0x00000002   PAD
    0x080010b8   0x00000080   Code   RO         3761    i.HAL_MspInit       stm32f1xx_hal_msp_1.o
    0x08001138   0x00000016   Code   RO         2854    i.HAL_NVIC_EnableIRQ  stm32f1xx_hal_cortex.o
    0x0800114e   0x00000002   PAD
    0x08001150   0x00000040   Code   RO         2860    i.HAL_NVIC_SetPriority  stm32f1xx_hal_cortex.o
    0x08001190   0x00000024   Code   RO         2861    i.HAL_NVIC_SetPriorityGrouping  stm32f1xx_hal_cortex.o
    0x080011b4   0x00000018   Code   RO         1668    i.HAL_PWR_EnableBkUpAccess  stm32f1xx_hal_pwr.o
    0x080011cc   0x00000044   Code   RO         1675    i.HAL_PWR_EnterSTOPMode  stm32f1xx_hal_pwr.o
    0x08001210   0x000000f4   Code   RO         2451    i.HAL_RCCEx_GetPeriphCLKFreq  stm32f1xx_hal_rcc_ex.o
    0x08001304   0x00000128   Code   RO         2452    i.HAL_RCCEx_PeriphCLKConfig  stm32f1xx_hal_rcc_ex.o
    0x0800142c   0x00000288   Code   RO          421    i.HAL_RCC_ClockConfig  stm32f1xx_hal_rcc.o
    0x080016b4   0x00000034   Code   RO          426    i.HAL_RCC_GetHCLKFreq  stm32f1xx_hal_rcc.o
    0x080016e8   0x0000002c   Code   RO          428    i.HAL_RCC_GetPCLK1Freq  stm32f1xx_hal_rcc.o
    0x08001714   0x0000002c   Code   RO          429    i.HAL_RCC_GetPCLK2Freq  stm32f1xx_hal_rcc.o
    0x08001740   0x0000008c   Code   RO          430    i.HAL_RCC_GetSysClockFreq  stm32f1xx_hal_rcc.o
    0x080017cc   0x00000632   Code   RO          433    i.HAL_RCC_OscConfig  stm32f1xx_hal_rcc.o
    0x08001dfe   0x000000d8   Code   RO         1498    i.HAL_RTC_GetTime   stm32f1xx_hal_rtc.o
    0x08001ed6   0x00000002   PAD
    0x08001ed8   0x000000a0   Code   RO         1499    i.HAL_RTC_Init      stm32f1xx_hal_rtc.o
    0x08001f78   0x00000044   Code   RO         3763    i.HAL_RTC_MspInit   stm32f1xx_hal_msp_1.o
    0x08001fbc   0x0000003a   Code   RO         1507    i.HAL_RTC_WaitForSynchro  stm32f1xx_hal_rtc.o
    0x08001ff6   0x00000002   PAD
    0x08001ff8   0x00000088   Code   RO         2417    i.HAL_SPI_Init      stm32f1xx_hal_spi_ex.o
    0x08002080   0x00000090   Code   RO         3765    i.HAL_SPI_MspInit   stm32f1xx_hal_msp_1.o
    0x08002110   0x000002b2   Code   RO         2624    i.HAL_SPI_TransmitReceive  stm32f1xx_hal_spi.o
    0x080023c2   0x00000018   Code   RO         2863    i.HAL_SYSTICK_CLKSourceConfig  stm32f1xx_hal_cortex.o
    0x080023da   0x00000002   Code   RO         2864    i.HAL_SYSTICK_Callback  stm32f1xx_hal_cortex.o
    0x080023dc   0x00000028   Code   RO         2865    i.HAL_SYSTICK_Config  stm32f1xx_hal_cortex.o
    0x08002404   0x00000008   Code   RO         2866    i.HAL_SYSTICK_IRQHandler  stm32f1xx_hal_cortex.o
    0x0800240c   0x00000002   Code   RO         1156    i.HAL_TIMEx_BreakCallback  stm32f1xx_hal_tim_ex.o
    0x0800240e   0x00000002   Code   RO         1157    i.HAL_TIMEx_CommutationCallback  stm32f1xx_hal_tim_ex.o
    0x08002410   0x00000050   Code   RO         1173    i.HAL_TIMEx_MasterConfigSynchronization  stm32f1xx_hal_tim_ex.o
    0x08002460   0x00000036   Code   RO          527    i.HAL_TIM_Base_Init  stm32f1xx_hal_tim.o
    0x08002496   0x00000002   PAD
    0x08002498   0x0000003c   Code   RO         3767    i.HAL_TIM_Base_MspInit  stm32f1xx_hal_msp_1.o
    0x080024d4   0x00000018   Code   RO          532    i.HAL_TIM_Base_Start_IT  stm32f1xx_hal_tim.o
    0x080024ec   0x0000002a   Code   RO          535    i.HAL_TIM_Base_Stop_IT  stm32f1xx_hal_tim.o
    0x08002516   0x000000f2   Code   RO          536    i.HAL_TIM_ConfigClockSource  stm32f1xx_hal_tim.o
    0x08002608   0x00000002   Code   RO          556    i.HAL_TIM_IC_CaptureCallback  stm32f1xx_hal_tim.o
    0x0800260a   0x00000166   Code   RO          569    i.HAL_TIM_IRQHandler  stm32f1xx_hal_tim.o
    0x08002770   0x00000002   Code   RO          572    i.HAL_TIM_OC_DelayElapsedCallback  stm32f1xx_hal_tim.o
    0x08002772   0x00000002   Code   RO          599    i.HAL_TIM_PWM_PulseFinishedCallback  stm32f1xx_hal_tim.o
    0x08002774   0x00000002   Code   RO          606    i.HAL_TIM_PeriodElapsedCallback  stm32f1xx_hal_tim.o
    0x08002776   0x00000002   Code   RO          610    i.HAL_TIM_TriggerCallback  stm32f1xx_hal_tim.o
    0x08002778   0x00000002   Code   RO         3662    i.HardFault_Handler  stm32f1xx_it.o
    0x0800277a   0x00000002   PAD
    0x0800277c   0x000000e0   Code   RO         3054    i.InitAll           main.o
    0x0800285c   0x00000098   Code   RO         3055    i.KeyPadMenu        main.o
    0x080028f4   0x00000164   Code   RO         3056    i.KeyPadRead        main.o
    0x08002a58   0x00000026   Code   RO         3057    i.KeyPresed         main.o
    0x08002a7e   0x000000b8   Code   RO         3059    i.LCD_DrawLine      main.o
    0x08002b36   0x00000076   Code   RO         3060    i.LCD_DrawRect      main.o
    0x08002bac   0x00000060   Code   RO         3063    i.LCD_FillRect      main.o
    0x08002c0c   0x0000007c   Code   RO         3064    i.LCD_FillScreen    main.o
    0x08002c88   0x000000a4   Code   RO         3068    i.LCD_Put24         main.o
    0x08002d2c   0x00000084   Code   RO         3069    i.LCD_Put24Digit    main.o
    0x08002db0   0x00000080   Code   RO         3070    i.LCD_Putchar       main.o
    0x08002e30   0x00000036   Code   RO         3072    i.LCD_Puts          main.o
    0x08002e66   0x00000002   PAD
    0x08002e68   0x00000060   Code   RO         3075    i.LCD_Write_Image_RLE_ColorBar  main.o
    0x08002ec8   0x00000074   Code   RO         3076    i.LCD_init          main.o
    0x08002f3c   0x00000014   Code   RO         3078    i.LcdWD             main.o
    0x08002f50   0x00000044   Code   RO         3079    i.MX_ADC1_Init      main.o
    0x08002f94   0x0000013c   Code   RO         3080    i.MX_GPIO_Init      main.o
    0x080030d0   0x00000040   Code   RO         3081    i.MX_SPI1_Init      main.o
    0x08003110   0x00000040   Code   RO         3082    i.MX_SPI2_Init      main.o
    0x08003150   0x00000058   Code   RO         3083    i.MX_TIM1_Init      main.o
    0x080031a8   0x00000002   Code   RO         3663    i.MemManage_Handler  stm32f1xx_it.o
    0x080031aa   0x00000002   PAD
    0x080031ac   0x000000a0   Code   RO         3084    i.Menu              main.o
    0x0800324c   0x00000002   Code   RO         3664    i.NMI_Handler       stm32f1xx_it.o
    0x0800324e   0x00000002   PAD
    0x08003250   0x0000004c   Code   RO         3085    i.NRF24L01_IRQ      main.o
    0x0800329c   0x00000044   Code   RO         3086    i.NRF24L01_PowerDown  main.o
    0x080032e0   0x0000013c   Code   RO         3090    i.NRF24L01_init     main.o
    0x0800341c   0x00000020   Code   RO         2867    i.NVIC_SetPriority  stm32f1xx_hal_cortex.o
    0x0800343c   0x00000006   Code   RO         1678    i.PWR_OverloadWfe   stm32f1xx_hal_pwr.o
    0x08003442   0x00000002   Code   RO         3665    i.PendSV_Handler    stm32f1xx_it.o
    0x08003444   0x000000dc   Code   RO         3091    i.Power             main.o
    0x08003520   0x00000010   Code   RO         3092    i.PowerOff          main.o
    0x08003530   0x00000010   Code   RO         3093    i.PowerOn           main.o
    0x08003540   0x00000034   Code   RO         3094    i.Put_Pixel         main.o
    0x08003574   0x00000016   Code   RO         1509    i.RTC_ByteToBcd2    stm32f1xx_hal_rtc.o
    0x0800358a   0x000000ae   Code   RO         1510    i.RTC_DateUpdate    stm32f1xx_hal_rtc.o
    0x08003638   0x00000034   Code   RO         1511    i.RTC_EnterInitMode  stm32f1xx_hal_rtc.o
    0x0800366c   0x00000036   Code   RO         1512    i.RTC_ExitInitMode  stm32f1xx_hal_rtc.o
    0x080036a2   0x0000000e   Code   RO         1513    i.RTC_ReadAlarmCounter  stm32f1xx_hal_rtc.o
    0x080036b0   0x00000020   Code   RO         1514    i.RTC_ReadTimeCounter  stm32f1xx_hal_rtc.o
    0x080036d0   0x00000056   Code   RO         1515    i.RTC_WeekDayNum    stm32f1xx_hal_rtc.o
    0x08003726   0x00000028   Code   RO         1516    i.RTC_WriteAlarmCounter  stm32f1xx_hal_rtc.o
    0x0800374e   0x00000028   Code   RO         1517    i.RTC_WriteTimeCounter  stm32f1xx_hal_rtc.o
    0x08003776   0x00000002   PAD
    0x08003778   0x00000040   Code   RO         3096    i.ReadTime          main.o
    0x080037b8   0x0000009e   Code   RO         2646    i.SPI_WaitOnFlagUntilTimeout  stm32f1xx_hal_spi.o
    0x08003856   0x00000002   Code   RO         3666    i.SVC_Handler       stm32f1xx_it.o
    0x08003858   0x0000005c   Code   RO         3101    i.Send_to_lcd       main.o
    0x080038b4   0x00000048   Code   RO         3102    i.SetArea           main.o
    0x080038fc   0x00000040   Code   RO         3104    i.SetKey            main.o
    0x0800393c   0x0000003c   Code   RO         3105    i.SetRxAddr         main.o
    0x08003978   0x0000003c   Code   RO         3106    i.SetTxAddr         main.o
    0x080039b4   0x0000002c   Code   RO         3107    i.ShowSecDots       main.o
    0x080039e0   0x0000000e   Code   RO         3667    i.SysTick_Handler   stm32f1xx_it.o
    0x080039ee   0x00000088   Code   RO         3108    i.SystemClock_Config  main.o
    0x08003a76   0x00000002   PAD
    0x08003a78   0x00000048   Code   RO            5    i.SystemInit        system_stm32f1xx_1.o
    0x08003ac0   0x00000014   Code   RO         3668    i.TIM1_UP_IRQHandler  stm32f1xx_it.o
    0x08003ad4   0x00000064   Code   RO          611    i.TIM_Base_SetConfig  stm32f1xx_hal_tim.o
    0x08003b38   0x00000014   Code   RO          618    i.TIM_ETR_SetConfig  stm32f1xx_hal_tim.o
    0x08003b4c   0x00000010   Code   RO          619    i.TIM_ITRx_SetConfig  stm32f1xx_hal_tim.o
    0x08003b5c   0x00000022   Code   RO          625    i.TIM_TI1_ConfigInputStage  stm32f1xx_hal_tim.o
    0x08003b7e   0x00000024   Code   RO          627    i.TIM_TI2_ConfigInputStage  stm32f1xx_hal_tim.o
    0x08003ba2   0x00000002   PAD
    0x08003ba4   0x0000001c   Code   RO         3109    i.Tick_1s           main.o
    0x08003bc0   0x00000038   Code   RO         3110    i.U16ToHEX          main.o
    0x08003bf8   0x00000060   Code   RO         3111    i.U32ToHEX          main.o
    0x08003c58   0x00000024   Code   RO         3112    i.U8ToHEX           main.o
    0x08003c7c   0x0000003e   Code   RO         3113    i.U8ToStr           main.o
    0x08003cba   0x00000002   Code   RO         3669    i.UsageFault_Handler  stm32f1xx_it.o
    0x08003cbc   0x0000058c   Code   RO         3115    i.WriteChannelInfo  main.o
    0x08004248   0x00000238   Code   RO         3116    i.WriteChannelsInfo  main.o
    0x08004480   0x000000c8   Code   RO         3117    i.WriteDeviceInfo   main.o
    0x08004548   0x000000e8   Code   RO         3118    i.WriteDevicesMenu  main.o
    0x08004630   0x000000c0   Code   RO         3119    i.WriteKeyPad       main.o
    0x080046f0   0x00000050   Code   RO         3120    i.WriteMenu         main.o
    0x08004740   0x00000080   Code   RO         3121    i.WriteSetKeyMenu   main.o
    0x080047c0   0x00000088   Code   RO         3122    i.WriteTime         main.o
    0x08004848   0x00000114   Code   RO         3123    i.WriteVoltage      main.o
    0x0800495c   0x0000000e   Code   RO         3918    i.__scatterload_copy  mc_w.l(handlers.o)
    0x0800496a   0x00000002   Code   RO         3919    i.__scatterload_null  mc_w.l(handlers.o)
    0x0800496c   0x0000000e   Code   RO         3920    i.__scatterload_zeroinit  mc_w.l(handlers.o)
    0x0800497a   0x00000002   PAD
    0x0800497c   0x00000034   Code   RO         3124    i.clr_irq           main.o
    0x080049b0   0x00000012   Code   RO         3125    i.delay_us          main.o
    0x080049c2   0x00000002   PAD
    0x080049c4   0x000001a0   Code   RO         3126    i.main              main.o
    0x08004b64   0x0000006c   Code   RO         3846    i.malloc            mc_w.l(malloc.o)
    0x08004bd0   0x00000034   Code   RO         3127    i.read_fifo_status  main.o
    0x08004c04   0x00000030   Code   RO         3128    i.read_irq          main.o
    0x08004c34   0x000000a0   Code   RO         3129    i.read_rx           main.o
    0x08004cd4   0x0000004c   Code   RO         3130    i.rx_mode           main.o
    0x08004d20   0x00000084   Code   RO         3131    i.send_data         main.o
    0x08004da4   0x00000018   Code   RO         3132    i.soft_delay_ms     main.o
    0x08004dbc   0x00000028   Code   RO         3133    i.spi               main.o
    0x08004de4   0x00000058   Code   RO         3134    i.tx_mode           main.o
    0x08004e3c   0x00000010   Data   RO          434    .constdata          stm32f1xx_hal_rcc.o
    0x08004e4c   0x0000121e   Data   RO         3136    .constdata          main.o
    0x0800606a   0x00000002   PAD
    0x0800606c   0x00000020   Data   RO         3916    Region$$Table       anon$$obj.o


    Execution Region RW_IRAM1 (Base: 0x20000000, Size: 0x00002468, Max: 0x00005000, ABSOLUTE, COMPRESSED[0x000002f4])

    Base Addr    Size         Type   Attr      Idx    E Section Name        Object

    0x20000000   0x00000004   Data   RW            8    .data               system_stm32f1xx_1.o
    0x20000004   0x00000004   Data   RW         2122    .data               stm32f1xx_hal.o
    0x20000008   0x00000001   Data   RW         2419    .data               stm32f1xx_hal_spi_ex.o
    0x20000009   0x00000003   PAD
    0x2000000c   0x000003d9   Data   RW         3139    .data               main.o
    0x200003e5   0x00000003   PAD
    0x200003e8   0x00000004   Data   RW         3905    .data               mc_w.l(mvars.o)
    0x200003ec   0x00000004   Data   RW         3906    .data               mc_w.l(mvars.o)
    0x200003f0   0x00000278   Zero   RW         3135    .bss                main.o
    0x20000668   0x00000f00   Zero   RW         3033    HEAP                startup_stm32f103xb.o
    0x20001568   0x00000f00   Zero   RW         3032    STACK               startup_stm32f103xb.o


==============================================================================

Image component sizes


      Code (inc. data)   RO Data    RW Data    ZI Data      Debug   Object Name

      9402        862       4638        985        632      51878   main.o
        36          8        236          0       7680        740   startup_stm32f103xb.o
       120         16          0          4          0       3378   stm32f1xx_hal.o
      1110         38          0          0          0       5411   stm32f1xx_hal_adc.o
       228         14          0          0          0      27117   stm32f1xx_hal_cortex.o
       490         42          0          0          0       4603   stm32f1xx_hal_gpio.o
       224          8          0          0          0       2307   stm32f1xx_hal_i2c.o
       548         86          0          0          0       3761   stm32f1xx_hal_msp_1.o
        98         12          0          0          0       1531   stm32f1xx_hal_pwr.o
      2514         86         16          0          0       5948   stm32f1xx_hal_rcc.o
       540         52          0          0          0       2393   stm32f1xx_hal_rcc_ex.o
       948          6          0          0          0       9094   stm32f1xx_hal_rtc.o
       848          0          0          0          0       2854   stm32f1xx_hal_spi.o
       136          4          0          1          0       1258   stm32f1xx_hal_spi_ex.o
       936         14          0          0          0      10022   stm32f1xx_hal_tim.o
        84          0          0          0          0       2202   stm32f1xx_hal_tim_ex.o
       130          8          0          0          0       5326   stm32f1xx_it.o
        72         16          0          4          0     280511   system_stm32f1xx_1.o

    ----------------------------------------------------------------------
     18496       1272       4924       1000       8312     420334   Object Totals
         0          0         32          0          0          0   (incl. Generated)
        32          0          2          6          0          0   (incl. Padding)

    ----------------------------------------------------------------------

      Code (inc. data)   RO Data    RW Data    ZI Data      Debug   Library Member Name

        94          0          0          0          0          0   __dclz77c.o
         0          0          0          0          0          0   entry.o
         0          0          0          0          0          0   entry10a.o
         0          0          0          0          0          0   entry11a.o
         8          4          0          0          0          0   entry2.o
         4          0          0          0          0          0   entry5.o
         0          0          0          0          0          0   entry7b.o
         0          0          0          0          0          0   entry8b.o
         8          4          0          0          0          0   entry9a.o
        30          0          0          0          0          0   handlers.o
        36          8          0          0          0         68   init.o
         0          0          0          0          0          0   iusefp.o
        30          0          0          0          0         68   llshl.o
        32          0          0          0          0         68   llushr.o
       108         16          0          0          0         84   malloc.o
         0          0          0          8          0          0   mvars.o
        14          0          0          0          0         68   strlen.o
       222          0          0          0          0        100   ddiv.o
       186          0          0          0          0        176   depilogue.o
        50          0          0          0          0         76   dfixui.o
       228          0          0          0          0         96   dmul.o
        46          0          0          0          0         80   dscalb.o
        38          0          0          0          0         68   f2d.o
       110          0          0          0          0        168   fepilogue.o
        40          0          0          0          0         68   ffixui.o
        10          0          0          0          0         68   ffltui.o

    ----------------------------------------------------------------------
      1296         32          0          8          0       1256   Library Totals
         2          0          0          0          0          0   (incl. Padding)

    ----------------------------------------------------------------------

      Code (inc. data)   RO Data    RW Data    ZI Data      Debug   Library Name

       364         32          0          8          0        356   mc_w.l
       930          0          0          0          0        900   mf_w.l

    ----------------------------------------------------------------------
      1296         32          0          8          0       1256   Library Totals

    ----------------------------------------------------------------------

==============================================================================


      Code (inc. data)   RO Data    RW Data    ZI Data      Debug   

     19792       1304       4924       1008       8312     413138   Grand Totals
     19792       1304       4924        756       8312     413138   ELF Image Totals (compressed)
     19792       1304       4924        756          0          0   ROM Totals

==============================================================================

    Total RO  Size (Code + RO Data)                24716 (  24.14kB)
    Total RW  Size (RW Data + ZI Data)              9320 (   9.10kB)
    Total ROM Size (Code + RO Data + RW Data)      25472 (  24.88kB)

==============================================================================

